72.226.110.185 - - [21/Sep/2014:10:35:26 +0000] "GET / HTTP/1.1" 200 2249 "-" "Mozilla/5.0 (Macintosh; Intel Mac OS X 10_9_4) AppleWebKit/537.36 (KHTML, like Gecko) Chrome/37.0.2062.122 Safari/537.36"
72.226.110.185 - - [21/Sep/2014:10:35:26 +0000] "GET /assets/learn.jpg HTTP/1.1" 304 187 "http://www.commonaccord.org/" "Mozilla/5.0 (Macintosh; Intel Mac OS X 10_9_4) AppleWebKit/537.36 (KHTML, like Gecko) Chrome/37.0.2062.122 Safari/537.36"
72.226.110.185 - - [21/Sep/2014:10:35:26 +0000] "GET /assets/more.png HTTP/1.1" 304 188 "http://www.commonaccord.org/" "Mozilla/5.0 (Macintosh; Intel Mac OS X 10_9_4) AppleWebKit/537.36 (KHTML, like Gecko) Chrome/37.0.2062.122 Safari/537.36"
72.226.110.185 - - [21/Sep/2014:10:35:31 +0000] "GET /index.php?action=list&file=Doc/event/ HTTP/1.1" 200 1271 "http://www.commonaccord.org/" "Mozilla/5.0 (Macintosh; Intel Mac OS X 10_9_4) AppleWebKit/537.36 (KHTML, like Gecko) Chrome/37.0.2062.122 Safari/537.36"
72.226.110.185 - - [21/Sep/2014:10:35:35 +0000] "GET /index.php?action=list&file=Doc/ HTTP/1.1" 200 1107 "http://www.commonaccord.org/index.php?action=list&file=Doc/event/" "Mozilla/5.0 (Macintosh; Intel Mac OS X 10_9_4) AppleWebKit/537.36 (KHTML, like Gecko) Chrome/37.0.2062.122 Safari/537.36"
72.226.110.185 - - [21/Sep/2014:10:35:37 +0000] "GET /index.php?action=list&file=Doc/RealDeal/ HTTP/1.1" 200 1201 "http://www.commonaccord.org/index.php?action=list&file=Doc/" "Mozilla/5.0 (Macintosh; Intel Mac OS X 10_9_4) AppleWebKit/537.36 (KHTML, like Gecko) Chrome/37.0.2062.122 Safari/537.36"
66.249.65.85 - - [21/Sep/2014:10:37:32 +0000] "GET /index.php?action=source&file=Doc/me/index HTTP/1.1" 200 1454 "-" "Mozilla/5.0 (compatible; Googlebot/2.1; +http://www.google.com/bot.html)"
72.226.110.185 - - [21/Sep/2014:10:40:36 +0000] "GET /index.php?action=source&file=Doc/RealDeal/RD_Dashboard HTTP/1.1" 200 1828 "http://www.commonaccord.org/index.php?action=list&file=Doc/RealDeal/" "Mozilla/5.0 (Macintosh; Intel Mac OS X 10_9_4) AppleWebKit/537.36 (KHTML, like Gecko) Chrome/37.0.2062.122 Safari/537.36"
66.249.65.70 - - [21/Sep/2014:10:41:20 +0000] "GET /index.php?action=list&file=./.git/objects/62/ HTTP/1.1" 200 1165 "-" "Mozilla/5.0 (compatible; Googlebot/2.1; +http://www.google.com/bot.html)"
37.58.100.165 - - [21/Sep/2014:10:41:56 +0000] "GET /index.php?action=source&file=Doc/core/id/fabulous_express_inc HTTP/1.1" 200 1891 "-" "Mozilla/5.0 (compatible; AhrefsBot/5.0; +http://ahrefs.com/robot/)"
66.249.65.66 - - [21/Sep/2014:10:44:04 +0000] "GET /index.php?action=list&file=./.git/objects/4d/ HTTP/1.1" 200 1346 "-" "Mozilla/5.0 (compatible; Googlebot/2.1; +http://www.google.com/bot.html)"
37.58.100.148 - - [21/Sep/2014:10:45:06 +0000] "GET /index.php?action=source&file=Doc/core/class/ID_She HTTP/1.1" 200 1867 "-" "Mozilla/5.0 (compatible; AhrefsBot/5.0; +http://ahrefs.com/robot/)"
134.249.77.209 - - [21/Sep/2014:10:47:03 +0000] "GET / HTTP/1.1" 200 5194 "http://www.more-letom.ru/" "Mozilla/0.6 Beta (Windows)"
134.249.77.209 - - [21/Sep/2014:10:47:03 +0000] "GET / HTTP/1.1" 200 5194 "http://www.more-letom.ru/" "Mozilla/0.6 Beta (Windows)"
134.249.77.209 - - [21/Sep/2014:10:47:04 +0000] "GET / HTTP/1.1" 200 5194 "http://www.more-letom.ru/" "Mozilla/0.6 Beta (Windows)"
66.249.65.93 - - [21/Sep/2014:10:47:05 +0000] "GET /index.php?action=list&file=Doc/me/id3_org/ HTTP/1.1" 200 1127 "-" "Mozilla/5.0 (compatible; Googlebot/2.1; +http://www.google.com/bot.html)"
66.249.65.70 - - [21/Sep/2014:10:50:42 +0000] "GET /index.php?action=list&file=./.git/objects/a3/ HTTP/1.1" 200 1164 "-" "Mozilla/5.0 (compatible; Googlebot/2.1; +http://www.google.com/bot.html)"
66.249.65.93 - - [21/Sep/2014:10:53:44 +0000] "GET /index.php?action=list&file=Doc/core/class/ HTTP/1.1" 200 1245 "-" "Mozilla/5.0 (compatible; Googlebot/2.1; +http://www.google.com/bot.html)"
37.58.100.74 - - [21/Sep/2014:10:56:14 +0000] "GET /index.php?action=list&file=Doc/core/re/patent/ HTTP/1.1" 200 1068 "-" "Mozilla/5.0 (compatible; AhrefsBot/5.0; +http://ahrefs.com/robot/)"
66.249.65.70 - - [21/Sep/2014:10:57:05 +0000] "GET /index.php?action=list&file=./.git/objects/c1/ HTTP/1.1" 200 1166 "-" "Mozilla/5.0 (compatible; Googlebot/2.1; +http://www.google.com/bot.html)"
37.58.100.68 - - [21/Sep/2014:10:58:34 +0000] "GET /index.php?action=source&file=Doc/event/settlement/Class_Action_Settlement_Demo_1 HTTP/1.1" 200 10788 "-" "Mozilla/5.0 (compatible; AhrefsBot/5.0; +http://ahrefs.com/robot/)"
66.249.65.89 - - [21/Sep/2014:10:59:42 +0000] "GET /index.php?action=list&file=Doc/RealDeal/ID/ HTTP/1.1" 200 1216 "-" "Mozilla/5.0 (compatible; Googlebot/2.1; +http://www.google.com/bot.html)"
66.249.65.85 - - [21/Sep/2014:11:03:30 +0000] "GET /index.php?action=source&file=Doc/core/id/mit HTTP/1.1" 200 2009 "-" "Mozilla/5.0 (compatible; Googlebot/2.1; +http://www.google.com/bot.html)"
66.249.65.66 - - [21/Sep/2014:11:07:04 +0000] "GET /index.php?action=list&file=./.git/objects/20/ HTTP/1.1" 200 1241 "-" "Mozilla/5.0 (compatible; Googlebot/2.1; +http://www.google.com/bot.html)"
66.249.65.66 - - [21/Sep/2014:11:09:23 +0000] "GET /index.php?action=source&file=Doc/core/id/abigail_altima HTTP/1.1" 200 1923 "-" "Mozilla/5.0 (compatible; Googlebot/2.1; +http://www.google.com/bot.html)"
66.249.65.74 - - [21/Sep/2014:11:10:07 +0000] "GET /index.php?action=list&file=./.git/objects/58/ HTTP/1.1" 200 1241 "-" "Mozilla/5.0 (compatible; Googlebot/2.1; +http://www.google.com/bot.html)"
37.58.100.158 - - [21/Sep/2014:11:10:20 +0000] "GET /index.php?action=source&file=Doc/core/form/agt/escrow/Claim_Form HTTP/1.1" 200 1891 "-" "Mozilla/5.0 (compatible; AhrefsBot/5.0; +http://ahrefs.com/robot/)"
37.58.100.178 - - [21/Sep/2014:11:10:53 +0000] "GET /index.php?action=source&file=Doc/core/id/jricher HTTP/1.1" 200 1711 "-" "Mozilla/5.0 (compatible; AhrefsBot/5.0; +http://ahrefs.com/robot/)"
66.249.65.70 - - [21/Sep/2014:11:13:10 +0000] "GET /index.php?action=list&file=./.git/objects/b3/ HTTP/1.1" 200 1312 "-" "Mozilla/5.0 (compatible; Googlebot/2.1; +http://www.google.com/bot.html)"
61.135.190.221 - - [21/Sep/2014:11:16:13 +0000] "GET / HTTP/1.1" 200 2249 "http://www.baidu.com/s?wd=CommonAccord" "Mozilla/5.0 (Windows; U; Windows NT 5.1; zh-CN; rv:1.9.2.15) Gecko/20110303 Firefox/3.6.15"
66.249.65.66 - - [21/Sep/2014:11:16:57 +0000] "GET /index.php?action=list&file=./.git/objects/67/ HTTP/1.1" 200 1280 "-" "Mozilla/5.0 (compatible; Googlebot/2.1; +http://www.google.com/bot.html)"
31.13.102.118 - - [21/Sep/2014:11:18:04 +0000] "GET / HTTP/1.1" 206 2296 "-" "facebookexternalhit/1.1 (+http://www.facebook.com/externalhit_uatext.php)"
173.252.113.112 - - [21/Sep/2014:11:18:08 +0000] "GET /assets/cmacc-w.png HTTP/1.1" 206 7397 "-" "facebookexternalhit/1.1 (+http://www.facebook.com/externalhit_uatext.php)"
173.252.113.112 - - [21/Sep/2014:11:18:07 +0000] "GET /assets/learn.jpg HTTP/1.1" 206 19480 "-" "facebookexternalhit/1.1 (+http://www.facebook.com/externalhit_uatext.php)"
173.252.113.116 - - [21/Sep/2014:11:18:08 +0000] "GET /assets/more.png HTTP/1.1" 206 18859 "-" "facebookexternalhit/1.1 (+http://www.facebook.com/externalhit_uatext.php)"
173.252.113.115 - - [21/Sep/2014:11:18:08 +0000] "GET /assets/cc.png HTTP/1.1" 206 21151 "-" "facebookexternalhit/1.1 (+http://www.facebook.com/externalhit_uatext.php)"
173.252.113.115 - - [21/Sep/2014:11:18:07 +0000] "GET /assets/cmacc-trans.png HTTP/1.1" 206 56257 "-" "facebookexternalhit/1.1 (+http://www.facebook.com/externalhit_uatext.php)"
66.249.65.93 - - [21/Sep/2014:11:18:10 +0000] "GET / HTTP/1.1" 200 2249 "-" "Mozilla/5.0 (compatible; Googlebot/2.1; +http://www.google.com/bot.html)"
31.13.102.117 - - [21/Sep/2014:11:18:11 +0000] "GET /assets/cmacc-trans.png HTTP/1.1" 206 56257 "-" "facebookexternalhit/1.1 (+http://www.facebook.com/externalhit_uatext.php)"
66.249.65.93 - - [21/Sep/2014:11:18:14 +0000] "GET /?page_id=36 HTTP/1.1" 200 2249 "-" "Mozilla/5.0 (compatible; Googlebot/2.1; +http://www.google.com/bot.html)"
66.249.65.89 - - [21/Sep/2014:11:18:42 +0000] "GET /index.php?action=source&file=Doc/core/id/nih HTTP/1.1" 200 1952 "-" "Mozilla/5.0 (compatible; Googlebot/2.1; +http://www.google.com/bot.html)"
66.249.65.70 - - [21/Sep/2014:11:19:11 +0000] "GET /commonaccord/assets/custom.css HTTP/1.1" 404 510 "http://commonaccord.org/commonaccord/index.php?action=render&file=./Doc/core/form/litigation/settlement/WARN_ACT_Inserts_Class_Action_Settlement" "Mozilla/5.0 (compatible; Googlebot/2.1; +http://www.google.com/bot.html)"
66.249.65.74 - - [21/Sep/2014:11:21:50 +0000] "GET /index.php?action=list&file=./.git/objects/1c/ HTTP/1.1" 200 1278 "-" "Mozilla/5.0 (compatible; Googlebot/2.1; +http://www.google.com/bot.html)"
66.249.65.70 - - [21/Sep/2014:11:24:17 +0000] "GET / HTTP/1.1" 200 2249 "-" "Mozilla/5.0 (compatible; Googlebot/2.1; +http://www.google.com/bot.html)"
37.58.100.79 - - [21/Sep/2014:11:25:26 +0000] "GET /index.php?action=list&file=Doc/core/gov/uniformlaws/ HTTP/1.1" 200 1130 "-" "Mozilla/5.0 (compatible; AhrefsBot/5.0; +http://ahrefs.com/robot/)"
66.249.65.70 - - [21/Sep/2014:11:25:34 +0000] "GET /index.php?action=list&file=./.git/objects/a5/ HTTP/1.1" 200 1242 "-" "Mozilla/5.0 (compatible; Googlebot/2.1; +http://www.google.com/bot.html)"
37.58.100.164 - - [21/Sep/2014:11:26:50 +0000] "GET /index.php?action=source&file=Doc/event/web/AcMoney_Demo_1 HTTP/1.1" 200 12726 "-" "Mozilla/5.0 (compatible; AhrefsBot/5.0; +http://ahrefs.com/robot/)"
66.249.65.66 - - [21/Sep/2014:11:28:14 +0000] "GET /index.php?action=list&file=./.git/objects/57/ HTTP/1.1" 200 1276 "-" "Mozilla/5.0 (compatible; Googlebot/2.1; +http://www.google.com/bot.html)"
37.58.100.66 - - [21/Sep/2014:11:29:55 +0000] "GET /index.php?action=source&file=Doc/core/id/hazardj HTTP/1.1" 200 1989 "-" "Mozilla/5.0 (compatible; AhrefsBot/5.0; +http://ahrefs.com/robot/)"
91.200.12.71 - - [21/Sep/2014:11:30:29 +0000] "GET /wp-login.php HTTP/1.1" 404 480 "http://www.commonaccord.org/wp-login.php" "Mozilla/4.0 (compatible; MSIE 9.0; Windows NT 6.1; 125LA; .NET CLR 2.0.50727; .NET CLR 3.0.04506.648; .NET CLR 3.5.21022)"
91.200.12.71 - - [21/Sep/2014:11:30:30 +0000] "GET /wp-login.php HTTP/1.1" 404 480 "http://www.commonaccord.org/wp-login.php" "Mozilla/4.0 (compatible; MSIE 9.0; Windows NT 6.1; 125LA; .NET CLR 2.0.50727; .NET CLR 3.0.04506.648; .NET CLR 3.5.21022)"
91.200.12.71 - - [21/Sep/2014:11:30:30 +0000] "GET /?author=1 HTTP/1.1" 200 5194 "http://www.commonaccord.org/?author=1" "Mozilla/4.0 (compatible; MSIE 9.0; Windows NT 6.1; 125LA; .NET CLR 2.0.50727; .NET CLR 3.0.04506.648; .NET CLR 3.5.21022)"
91.200.12.71 - - [21/Sep/2014:11:30:30 +0000] "GET /?author=2 HTTP/1.1" 200 5194 "http://www.commonaccord.org/?author=2" "Mozilla/4.0 (compatible; MSIE 9.0; Windows NT 6.1; 125LA; .NET CLR 2.0.50727; .NET CLR 3.0.04506.648; .NET CLR 3.5.21022)"
91.200.12.71 - - [21/Sep/2014:11:30:30 +0000] "GET /?author=3 HTTP/1.1" 200 5194 "http://www.commonaccord.org/?author=3" "Mozilla/4.0 (compatible; MSIE 9.0; Windows NT 6.1; 125LA; .NET CLR 2.0.50727; .NET CLR 3.0.04506.648; .NET CLR 3.5.21022)"
91.200.12.71 - - [21/Sep/2014:11:30:31 +0000] "GET /?author=4 HTTP/1.1" 200 5194 "http://www.commonaccord.org/?author=4" "Mozilla/4.0 (compatible; MSIE 9.0; Windows NT 6.1; 125LA; .NET CLR 2.0.50727; .NET CLR 3.0.04506.648; .NET CLR 3.5.21022)"
91.200.12.71 - - [21/Sep/2014:11:30:31 +0000] "GET /?author=5 HTTP/1.1" 200 5194 "http://www.commonaccord.org/?author=5" "Mozilla/4.0 (compatible; MSIE 9.0; Windows NT 6.1; 125LA; .NET CLR 2.0.50727; .NET CLR 3.0.04506.648; .NET CLR 3.5.21022)"
91.200.12.71 - - [21/Sep/2014:11:30:31 +0000] "GET /?author=6 HTTP/1.1" 200 5194 "http://www.commonaccord.org/?author=6" "Mozilla/4.0 (compatible; MSIE 9.0; Windows NT 6.1; 125LA; .NET CLR 2.0.50727; .NET CLR 3.0.04506.648; .NET CLR 3.5.21022)"
91.200.12.71 - - [21/Sep/2014:11:30:31 +0000] "GET /?author=7 HTTP/1.1" 200 5194 "http://www.commonaccord.org/?author=7" "Mozilla/4.0 (compatible; MSIE 9.0; Windows NT 6.1; 125LA; .NET CLR 2.0.50727; .NET CLR 3.0.04506.648; .NET CLR 3.5.21022)"
91.200.12.71 - - [21/Sep/2014:11:30:32 +0000] "GET /?author=8 HTTP/1.1" 200 5194 "http://www.commonaccord.org/?author=8" "Mozilla/4.0 (compatible; MSIE 9.0; Windows NT 6.1; 125LA; .NET CLR 2.0.50727; .NET CLR 3.0.04506.648; .NET CLR 3.5.21022)"
91.200.12.71 - - [21/Sep/2014:11:30:32 +0000] "GET /?author=9 HTTP/1.1" 200 5194 "http://www.commonaccord.org/?author=9" "Mozilla/4.0 (compatible; MSIE 9.0; Windows NT 6.1; 125LA; .NET CLR 2.0.50727; .NET CLR 3.0.04506.648; .NET CLR 3.5.21022)"
91.200.12.71 - - [21/Sep/2014:11:30:32 +0000] "GET /?author=10 HTTP/1.1" 200 5194 "http://www.commonaccord.org/?author=10" "Mozilla/4.0 (compatible; MSIE 9.0; Windows NT 6.1; 125LA; .NET CLR 2.0.50727; .NET CLR 3.0.04506.648; .NET CLR 3.5.21022)"
66.249.65.89 - - [21/Sep/2014:11:32:02 +0000] "GET /index.php?action=list&file=Doc/me/hyperbios/ HTTP/1.1" 200 1146 "-" "Mozilla/5.0 (compatible; Googlebot/2.1; +http://www.google.com/bot.html)"
66.249.65.70 - - [21/Sep/2014:11:34:41 +0000] "GET /index.php?action=list&file=./.git/objects/c0/ HTTP/1.1" 200 1242 "-" "Mozilla/5.0 (compatible; Googlebot/2.1; +http://www.google.com/bot.html)"
37.58.100.165 - - [21/Sep/2014:11:35:25 +0000] "GET /index.php?action=list&file=Doc/core/gov/permit/ HTTP/1.1" 200 1084 "-" "Mozilla/5.0 (compatible; AhrefsBot/5.0; +http://ahrefs.com/robot/)"
66.249.65.85 - - [21/Sep/2014:11:37:22 +0000] "GET /index.php?action=list&file=Doc/RealDeal/Doc/ HTTP/1.1" 200 1142 "-" "Mozilla/5.0 (compatible; Googlebot/2.1; +http://www.google.com/bot.html)"
37.58.100.74 - - [21/Sep/2014:11:40:02 +0000] "GET /index.php?action=list&file=Doc/core/form/checklist/ HTTP/1.1" 200 1082 "-" "Mozilla/5.0 (compatible; AhrefsBot/5.0; +http://ahrefs.com/robot/)"
37.58.100.148 - - [21/Sep/2014:11:40:03 +0000] "GET /index.php?action=source&file=Doc/core/id/hyperionlaw HTTP/1.1" 200 2007 "-" "Mozilla/5.0 (compatible; AhrefsBot/5.0; +http://ahrefs.com/robot/)"
66.249.65.74 - - [21/Sep/2014:11:41:09 +0000] "GET /index.php?action=list&file=./.git/objects/c2/ HTTP/1.1" 200 1281 "-" "Mozilla/5.0 (compatible; Googlebot/2.1; +http://www.google.com/bot.html)"
66.249.65.70 - - [21/Sep/2014:11:43:01 +0000] "GET /assets/custom.css HTTP/1.1" 200 1194 "http://commonaccord.org/index.php?action=list&file=./.git/objects/c2/" "Mozilla/5.0 (compatible; Googlebot/2.1; +http://www.google.com/bot.html)"
66.249.65.70 - - [21/Sep/2014:11:43:53 +0000] "GET /index.php?action=list&file=./.git/objects/37/ HTTP/1.1" 200 1206 "-" "Mozilla/5.0 (compatible; Googlebot/2.1; +http://www.google.com/bot.html)"
66.249.65.70 - - [21/Sep/2014:11:47:05 +0000] "GET /index.php?action=list&file=./.git/objects/19/ HTTP/1.1" 200 1277 "-" "Mozilla/5.0 (compatible; Googlebot/2.1; +http://www.google.com/bot.html)"
37.58.100.145 - - [21/Sep/2014:11:49:20 +0000] "GET /index.php?action=list&file=Doc/core/class/ HTTP/1.1" 200 1189 "-" "Mozilla/5.0 (compatible; AhrefsBot/5.0; +http://ahrefs.com/robot/)"
37.58.100.145 - - [21/Sep/2014:11:49:42 +0000] "GET /index.php?action=source&file=Doc/core/at/USA/MD/Montgomery/Bethesda/Geo HTTP/1.1" 200 1638 "-" "Mozilla/5.0 (compatible; AhrefsBot/5.0; +http://ahrefs.com/robot/)"
66.249.65.66 - - [21/Sep/2014:11:50:30 +0000] "GET /index.php?action=list&file=./.git/objects/e7/ HTTP/1.1" 200 1275 "-" "Mozilla/5.0 (compatible; Googlebot/2.1; +http://www.google.com/bot.html)"
37.58.100.154 - - [21/Sep/2014:11:51:13 +0000] "GET /index.php?action=source&file=Doc/core/at/USA/CA/Santa_Clara/Mountain_View/Geo HTTP/1.1" 200 1650 "-" "Mozilla/5.0 (compatible; AhrefsBot/5.0; +http://ahrefs.com/robot/)"
37.58.100.154 - - [21/Sep/2014:11:51:43 +0000] "GET /index.php?action=source&file=Doc/core/at/USA/MA/Middlesex/Cambridge/Massachusetts_Avenue/77/Geo HTTP/1.1" 200 1668 "-" "Mozilla/5.0 (compatible; AhrefsBot/5.0; +http://ahrefs.com/robot/)"
66.249.65.85 - - [21/Sep/2014:11:52:52 +0000] "GET /index.php?action=demo HTTP/1.1" 200 1645 "-" "Mozilla/5.0 (compatible; Googlebot/2.1; +http://www.google.com/bot.html)"
66.249.65.74 - - [21/Sep/2014:11:53:32 +0000] "GET /index.php?action=list&file=./.git/objects/0d/ HTTP/1.1" 200 1241 "-" "Mozilla/5.0 (compatible; Googlebot/2.1; +http://www.google.com/bot.html)"
98.113.103.189 - - [21/Sep/2014:11:54:09 +0000] "GET /index.php?action=source&file=Doc/RealDeal/RD_Dashboard HTTP/1.1" 200 1828 "-" "Mozilla/5.0 (Macintosh; Intel Mac OS X 10_9_4) AppleWebKit/537.36 (KHTML, like Gecko) Chrome/37.0.2062.122 Safari/537.36"
98.113.103.189 - - [21/Sep/2014:11:54:09 +0000] "GET /assets/custom.css HTTP/1.1" 304 209 "http://www.commonaccord.org/index.php?action=source&file=Doc/RealDeal/RD_Dashboard" "Mozilla/5.0 (Macintosh; Intel Mac OS X 10_9_4) AppleWebKit/537.36 (KHTML, like Gecko) Chrome/37.0.2062.122 Safari/537.36"
98.113.103.189 - - [21/Sep/2014:11:54:09 +0000] "GET /assets/cmacc-w.png HTTP/1.1" 304 188 "http://www.commonaccord.org/index.php?action=source&file=Doc/RealDeal/RD_Dashboard" "Mozilla/5.0 (Macintosh; Intel Mac OS X 10_9_4) AppleWebKit/537.36 (KHTML, like Gecko) Chrome/37.0.2062.122 Safari/537.36"
98.113.103.189 - - [21/Sep/2014:11:54:09 +0000] "GET /assets/cc.png HTTP/1.1" 304 188 "http://www.commonaccord.org/index.php?action=source&file=Doc/RealDeal/RD_Dashboard" "Mozilla/5.0 (Macintosh; Intel Mac OS X 10_9_4) AppleWebKit/537.36 (KHTML, like Gecko) Chrome/37.0.2062.122 Safari/537.36"
98.113.103.189 - - [21/Sep/2014:11:54:10 +0000] "GET /favicon.ico HTTP/1.1" 404 506 "-" "Mozilla/5.0 (Macintosh; Intel Mac OS X 10_9_4) AppleWebKit/537.36 (KHTML, like Gecko) Chrome/37.0.2062.122 Safari/537.36"
37.58.100.145 - - [21/Sep/2014:11:54:31 +0000] "GET /index.php?action=source&file=Doc/event/startup/500/KISS_Demo_2_Equity HTTP/1.1" 200 10673 "-" "Mozilla/5.0 (compatible; AhrefsBot/5.0; +http://ahrefs.com/robot/)"
66.249.65.89 - - [21/Sep/2014:11:57:06 +0000] "GET /index.php?action=list&file=Doc/RealDeal/IDs/ HTTP/1.1" 200 1210 "-" "Mozilla/5.0 (compatible; Googlebot/2.1; +http://www.google.com/bot.html)"
37.58.100.154 - - [21/Sep/2014:11:59:18 +0000] "GET /index.php?action=list&file=Doc/core/form/agt/license/ HTTP/1.1" 200 1076 "-" "Mozilla/5.0 (compatible; AhrefsBot/5.0; +http://ahrefs.com/robot/)"
98.113.103.189 - - [21/Sep/2014:11:59:35 +0000] "GET /index.php?action=source&file=Doc/RealDeal/RD_Dashboard HTTP/1.1" 200 1828 "-" "Mozilla/5.0 (Macintosh; Intel Mac OS X 10_9_4) AppleWebKit/537.36 (KHTML, like Gecko) Chrome/37.0.2062.122 Safari/537.36"
98.113.103.189 - - [21/Sep/2014:11:59:43 +0000] "GET /favicon.ico HTTP/1.1" 404 507 "-" "Mozilla/5.0 (Macintosh; Intel Mac OS X 10_9_4) AppleWebKit/537.36 (KHTML, like Gecko) Chrome/37.0.2062.122 Safari/537.36"
98.113.103.189 - - [21/Sep/2014:12:00:07 +0000] "GET / HTTP/1.1" 200 2249 "http://www.commonaccord.org/index.php?action=source&file=Doc/RealDeal/RD_Dashboard" "Mozilla/5.0 (Macintosh; Intel Mac OS X 10_9_4) AppleWebKit/537.36 (KHTML, like Gecko) Chrome/37.0.2062.122 Safari/537.36"
98.113.103.189 - - [21/Sep/2014:12:00:07 +0000] "GET /assets/custom.css HTTP/1.1" 200 1193 "http://commonaccord.org/" "Mozilla/5.0 (Macintosh; Intel Mac OS X 10_9_4) AppleWebKit/537.36 (KHTML, like Gecko) Chrome/37.0.2062.122 Safari/537.36"
98.113.103.189 - - [21/Sep/2014:12:00:07 +0000] "GET /assets/cmacc-w.png HTTP/1.1" 200 7350 "http://commonaccord.org/" "Mozilla/5.0 (Macintosh; Intel Mac OS X 10_9_4) AppleWebKit/537.36 (KHTML, like Gecko) Chrome/37.0.2062.122 Safari/537.36"
98.113.103.189 - - [21/Sep/2014:12:00:07 +0000] "GET /assets/learn.jpg HTTP/1.1" 200 19431 "http://commonaccord.org/" "Mozilla/5.0 (Macintosh; Intel Mac OS X 10_9_4) AppleWebKit/537.36 (KHTML, like Gecko) Chrome/37.0.2062.122 Safari/537.36"
98.113.103.189 - - [21/Sep/2014:12:00:07 +0000] "GET /assets/more.png HTTP/1.1" 200 18810 "http://commonaccord.org/" "Mozilla/5.0 (Macintosh; Intel Mac OS X 10_9_4) AppleWebKit/537.36 (KHTML, like Gecko) Chrome/37.0.2062.122 Safari/537.36"
98.113.103.189 - - [21/Sep/2014:12:00:07 +0000] "GET /assets/cc.png HTTP/1.1" 200 21102 "http://commonaccord.org/" "Mozilla/5.0 (Macintosh; Intel Mac OS X 10_9_4) AppleWebKit/537.36 (KHTML, like Gecko) Chrome/37.0.2062.122 Safari/537.36"
98.113.103.189 - - [21/Sep/2014:12:00:07 +0000] "GET /assets/cmacc-trans.png HTTP/1.1" 200 56208 "http://commonaccord.org/" "Mozilla/5.0 (Macintosh; Intel Mac OS X 10_9_4) AppleWebKit/537.36 (KHTML, like Gecko) Chrome/37.0.2062.122 Safari/537.36"
98.113.103.189 - - [21/Sep/2014:12:00:09 +0000] "GET /favicon.ico HTTP/1.1" 404 503 "-" "Mozilla/5.0 (Macintosh; Intel Mac OS X 10_9_4) AppleWebKit/537.36 (KHTML, like Gecko) Chrome/37.0.2062.122 Safari/537.36"
66.249.65.70 - - [21/Sep/2014:12:00:39 +0000] "GET /index.php?action=list&file=./.git/objects/e9/ HTTP/1.1" 200 1346 "-" "Mozilla/5.0 (compatible; Googlebot/2.1; +http://www.google.com/bot.html)"
98.113.103.189 - - [21/Sep/2014:12:01:02 +0000] "GET /index.php?action=list&file=Doc/about/how/ HTTP/1.1" 200 1253 "http://commonaccord.org/" "Mozilla/5.0 (Macintosh; Intel Mac OS X 10_9_4) AppleWebKit/537.36 (KHTML, like Gecko) Chrome/37.0.2062.122 Safari/537.36"
98.113.103.189 - - [21/Sep/2014:12:01:02 +0000] "GET /assets/arrowup.png HTTP/1.1" 200 11673 "http://commonaccord.org/index.php?action=list&file=Doc/about/how/" "Mozilla/5.0 (Macintosh; Intel Mac OS X 10_9_4) AppleWebKit/537.36 (KHTML, like Gecko) Chrome/37.0.2062.122 Safari/537.36"
98.113.103.189 - - [21/Sep/2014:12:01:03 +0000] "GET /assets/play.png HTTP/1.1" 200 16645 "http://commonaccord.org/index.php?action=list&file=Doc/about/how/" "Mozilla/5.0 (Macintosh; Intel Mac OS X 10_9_4) AppleWebKit/537.36 (KHTML, like Gecko) Chrome/37.0.2062.122 Safari/537.36"
98.113.103.189 - - [21/Sep/2014:12:01:07 +0000] "GET /index.php?action=source&file=Doc/about/how/Signature_P2 HTTP/1.1" 200 4591 "http://commonaccord.org/index.php?action=list&file=Doc/about/how/" "Mozilla/5.0 (Macintosh; Intel Mac OS X 10_9_4) AppleWebKit/537.36 (KHTML, like Gecko) Chrome/37.0.2062.122 Safari/537.36"
98.113.103.189 - - [21/Sep/2014:12:01:11 +0000] "GET /index.php?action=source&file=Doc/about/how/Signature_P1 HTTP/1.1" 200 4787 "http://commonaccord.org/index.php?action=source&file=Doc/about/how/Signature_P2" "Mozilla/5.0 (Macintosh; Intel Mac OS X 10_9_4) AppleWebKit/537.36 (KHTML, like Gecko) Chrome/37.0.2062.122 Safari/537.36"
98.113.103.189 - - [21/Sep/2014:12:01:26 +0000] "GET /index.php?action=source&file=Doc/about/how/Signature_P2 HTTP/1.1" 200 4592 "http://commonaccord.org/index.php?action=source&file=Doc/about/how/Signature_P1" "Mozilla/5.0 (Macintosh; Intel Mac OS X 10_9_4) AppleWebKit/537.36 (KHTML, like Gecko) Chrome/37.0.2062.122 Safari/537.36"
98.113.103.189 - - [21/Sep/2014:12:01:29 +0000] "GET /index.php?action=source&file=Doc/about/how/Wrap_Up HTTP/1.1" 200 2001 "http://commonaccord.org/index.php?action=source&file=Doc/about/how/Signature_P2" "Mozilla/5.0 (Macintosh; Intel Mac OS X 10_9_4) AppleWebKit/537.36 (KHTML, like Gecko) Chrome/37.0.2062.122 Safari/537.36"
37.58.100.154 - - [21/Sep/2014:12:01:34 +0000] "GET /index.php?action=source&file=Doc/event/ip/assignment/Patent_Assignment_Acme HTTP/1.1" 200 2787 "-" "Mozilla/5.0 (compatible; AhrefsBot/5.0; +http://ahrefs.com/robot/)"
37.58.100.145 - - [21/Sep/2014:12:01:37 +0000] "GET /index.php?action=source&file=Doc/event/startup/nvca/NVCA_Acme_SeriesA HTTP/1.1" 200 11465 "-" "Mozilla/5.0 (compatible; AhrefsBot/5.0; +http://ahrefs.com/robot/)"
98.113.103.189 - - [21/Sep/2014:12:01:46 +0000] "GET / HTTP/1.1" 200 2249 "http://commonaccord.org/index.php?action=source&file=Doc/about/how/Wrap_Up" "Mozilla/5.0 (Macintosh; Intel Mac OS X 10_9_4) AppleWebKit/537.36 (KHTML, like Gecko) Chrome/37.0.2062.122 Safari/537.36"
98.113.103.189 - - [21/Sep/2014:12:02:09 +0000] "GET / HTTP/1.1" 200 2249 "http://commonaccord.org/" "Mozilla/5.0 (Macintosh; Intel Mac OS X 10_9_4) AppleWebKit/537.36 (KHTML, like Gecko) Chrome/37.0.2062.122 Safari/537.36"
98.113.103.189 - - [21/Sep/2014:12:02:25 +0000] "GET /index.php?action=source&file=Doc/RealDeal/RD_Dashboard HTTP/1.1" 200 1828 "-" "Mozilla/5.0 (Macintosh; Intel Mac OS X 10_9_4) AppleWebKit/537.36 (KHTML, like Gecko) Chrome/37.0.2062.122 Safari/537.36"
98.113.103.189 - - [21/Sep/2014:12:02:56 +0000] "GET /index.php?action=list&file=Doc/RealDeal/ HTTP/1.1" 200 1202 "-" "Mozilla/5.0 (Macintosh; Intel Mac OS X 10_9_4) AppleWebKit/537.36 (KHTML, like Gecko) Chrome/37.0.2062.122 Safari/537.36"
98.113.103.189 - - [21/Sep/2014:12:02:56 +0000] "GET /assets/arrowup.png HTTP/1.1" 200 11674 "http://www.commonaccord.org/index.php?action=list&file=Doc/RealDeal/" "Mozilla/5.0 (Macintosh; Intel Mac OS X 10_9_4) AppleWebKit/537.36 (KHTML, like Gecko) Chrome/37.0.2062.122 Safari/537.36"
98.113.103.189 - - [21/Sep/2014:12:02:56 +0000] "GET /assets/play.png HTTP/1.1" 200 16645 "http://www.commonaccord.org/index.php?action=list&file=Doc/RealDeal/" "Mozilla/5.0 (Macintosh; Intel Mac OS X 10_9_4) AppleWebKit/537.36 (KHTML, like Gecko) Chrome/37.0.2062.122 Safari/537.36"
98.113.103.189 - - [21/Sep/2014:12:02:56 +0000] "GET /assets/cmacc-trans.png HTTP/1.1" 200 56207 "http://www.commonaccord.org/index.php?action=list&file=Doc/RealDeal/" "Mozilla/5.0 (Macintosh; Intel Mac OS X 10_9_4) AppleWebKit/537.36 (KHTML, like Gecko) Chrome/37.0.2062.122 Safari/537.36"
98.113.103.189 - - [21/Sep/2014:12:02:56 +0000] "GET /assets/folder.png HTTP/1.1" 200 96945 "http://www.commonaccord.org/index.php?action=list&file=Doc/RealDeal/" "Mozilla/5.0 (Macintosh; Intel Mac OS X 10_9_4) AppleWebKit/537.36 (KHTML, like Gecko) Chrome/37.0.2062.122 Safari/537.36"
98.113.103.189 - - [21/Sep/2014:12:03:06 +0000] "GET /index.php?action=list&file=Doc/RealDeal/Doc/ HTTP/1.1" 200 1142 "http://www.commonaccord.org/index.php?action=list&file=Doc/RealDeal/" "Mozilla/5.0 (Macintosh; Intel Mac OS X 10_9_4) AppleWebKit/537.36 (KHTML, like Gecko) Chrome/37.0.2062.122 Safari/537.36"
98.113.103.189 - - [21/Sep/2014:12:03:07 +0000] "GET /index.php?action=source&file=Doc/RealDeal/Doc/RD_DG_Assign_Agt HTTP/1.1" 200 1432 "http://www.commonaccord.org/index.php?action=list&file=Doc/RealDeal/Doc/" "Mozilla/5.0 (Macintosh; Intel Mac OS X 10_9_4) AppleWebKit/537.36 (KHTML, like Gecko) Chrome/37.0.2062.122 Safari/537.36"
66.249.65.74 - - [21/Sep/2014:12:04:12 +0000] "GET /index.php?action=list&file=./.git/objects/79/ HTTP/1.1" 200 1442 "-" "Mozilla/5.0 (compatible; Googlebot/2.1; +http://www.google.com/bot.html)"
37.58.100.145 - - [21/Sep/2014:12:05:51 +0000] "GET /index.php?action=list&file=Doc/core/form/litigation/settlement/ HTTP/1.1" 200 1155 "-" "Mozilla/5.0 (compatible; AhrefsBot/5.0; +http://ahrefs.com/robot/)"
66.249.65.74 - - [21/Sep/2014:12:07:53 +0000] "GET /index.php?action=list&file=./.git/objects/bd/ HTTP/1.1" 200 1240 "-" "Mozilla/5.0 (compatible; Googlebot/2.1; +http://www.google.com/bot.html)"
72.226.110.185 - - [21/Sep/2014:12:09:09 +0000] "GET /index.php?action=pull HTTP/1.1" 200 1120 "-" "Mozilla/5.0 (Macintosh; Intel Mac OS X 10_9_4) AppleWebKit/537.36 (KHTML, like Gecko) Chrome/37.0.2062.122 Safari/537.36"
37.58.100.154 - - [21/Sep/2014:12:10:38 +0000] "GET /index.php?action=source&file=Doc/core/form/agt/research/Form_MIT_Edu_OSP_USA HTTP/1.1" 200 12062 "-" "Mozilla/5.0 (compatible; AhrefsBot/5.0; +http://ahrefs.com/robot/)"
98.113.103.189 - - [21/Sep/2014:12:10:46 +0000] "GET /index.php?action=list&file=Doc/about/how/ HTTP/1.1" 200 1253 "http://commonaccord.org/" "Mozilla/5.0 (Macintosh; Intel Mac OS X 10_9_4) AppleWebKit/537.36 (KHTML, like Gecko) Chrome/37.0.2062.122 Safari/537.36"
98.113.103.189 - - [21/Sep/2014:12:10:49 +0000] "GET /index.php?action=list&file=Doc/about/ HTTP/1.1" 200 1198 "http://commonaccord.org/index.php?action=list&file=Doc/about/how/" "Mozilla/5.0 (Macintosh; Intel Mac OS X 10_9_4) AppleWebKit/537.36 (KHTML, like Gecko) Chrome/37.0.2062.122 Safari/537.36"
98.113.103.189 - - [21/Sep/2014:12:10:49 +0000] "GET /assets/folder.png HTTP/1.1" 200 96944 "http://commonaccord.org/index.php?action=list&file=Doc/about/" "Mozilla/5.0 (Macintosh; Intel Mac OS X 10_9_4) AppleWebKit/537.36 (KHTML, like Gecko) Chrome/37.0.2062.122 Safari/537.36"
98.113.103.189 - - [21/Sep/2014:12:10:51 +0000] "GET /index.php?action=source&file=Doc/about/Personal_Data HTTP/1.1" 200 6924 "http://commonaccord.org/index.php?action=list&file=Doc/about/" "Mozilla/5.0 (Macintosh; Intel Mac OS X 10_9_4) AppleWebKit/537.36 (KHTML, like Gecko) Chrome/37.0.2062.122 Safari/537.36"
98.113.103.189 - - [21/Sep/2014:12:10:58 +0000] "GET /index.php?action=source&file=Doc/core/form/agt/master/personaldata/PD_Sec HTTP/1.1" 200 3272 "http://commonaccord.org/index.php?action=source&file=Doc/about/Personal_Data" "Mozilla/5.0 (Macintosh; Intel Mac OS X 10_9_4) AppleWebKit/537.36 (KHTML, like Gecko) Chrome/37.0.2062.122 Safari/537.36"
66.249.65.74 - - [21/Sep/2014:12:11:41 +0000] "GET /index.php?action=list&file=./.git/objects/e3/ HTTP/1.1" 200 1278 "-" "Mozilla/5.0 (compatible; Googlebot/2.1; +http://www.google.com/bot.html)"
37.58.100.154 - - [21/Sep/2014:12:11:46 +0000] "GET /index.php?action=source&file=Doc/about/tour/Inspect HTTP/1.1" 200 1737 "-" "Mozilla/5.0 (compatible; AhrefsBot/5.0; +http://ahrefs.com/robot/)"
37.58.100.154 - - [21/Sep/2014:12:11:58 +0000] "GET /index.php?action=list&file=Doc/core/form/agt/web/ HTTP/1.1" 200 1090 "-" "Mozilla/5.0 (compatible; AhrefsBot/5.0; +http://ahrefs.com/robot/)"
66.249.65.74 - - [21/Sep/2014:12:15:26 +0000] "GET /index.php?action=list&file=./.git/objects/98/ HTTP/1.1" 200 1342 "-" "Mozilla/5.0 (compatible; Googlebot/2.1; +http://www.google.com/bot.html)"
66.249.65.85 - - [21/Sep/2014:12:18:04 +0000] "GET /index.php?action=list&file=Doc/RealDeal/form/ HTTP/1.1" 200 1159 "-" "Mozilla/5.0 (compatible; Googlebot/2.1; +http://www.google.com/bot.html)"
37.58.100.154 - - [21/Sep/2014:12:18:45 +0000] "GET /index.php?action=list&file=Doc/core/form/agt/research/ HTTP/1.1" 200 1135 "-" "Mozilla/5.0 (compatible; AhrefsBot/5.0; +http://ahrefs.com/robot/)"
37.58.100.154 - - [21/Sep/2014:12:19:33 +0000] "GET /index.php?action=source&file=Doc/core/at/USA/Geo HTTP/1.1" 200 1662 "-" "Mozilla/5.0 (compatible; AhrefsBot/5.0; +http://ahrefs.com/robot/)"
37.58.100.145 - - [21/Sep/2014:12:20:11 +0000] "GET /index.php?action=source&file=Doc/core/at/USA/CA/San_Francisco/San_Francisco/Geo HTTP/1.1" 200 1640 "-" "Mozilla/5.0 (compatible; AhrefsBot/5.0; +http://ahrefs.com/robot/)"
66.249.65.74 - - [21/Sep/2014:12:21:51 +0000] "GET /index.php?action=list&file=./.git/objects/66/ HTTP/1.1" 200 1312 "-" "Mozilla/5.0 (compatible; Googlebot/2.1; +http://www.google.com/bot.html)"
120.22.130.8 - - [21/Sep/2014:12:22:37 +0000] "GET /?action=demo HTTP/1.1" 200 1645 "-" "Mozilla/5.0 (Macintosh; Intel Mac OS X 10_9_2) AppleWebKit/537.36 (KHTML, like Gecko) Chrome/37.0.2062.122 Safari/537.36"
120.22.130.8 - - [21/Sep/2014:12:22:38 +0000] "GET /assets/custom.css HTTP/1.1" 200 1193 "http://www.commonaccord.org/?action=demo" "Mozilla/5.0 (Macintosh; Intel Mac OS X 10_9_2) AppleWebKit/537.36 (KHTML, like Gecko) Chrome/37.0.2062.122 Safari/537.36"
120.22.130.8 - - [21/Sep/2014:12:22:38 +0000] "GET /assets/cmacc-w.png HTTP/1.1" 200 7350 "http://www.commonaccord.org/?action=demo" "Mozilla/5.0 (Macintosh; Intel Mac OS X 10_9_2) AppleWebKit/537.36 (KHTML, like Gecko) Chrome/37.0.2062.122 Safari/537.36"
120.22.130.8 - - [21/Sep/2014:12:22:39 +0000] "GET /assets/arrowup.png HTTP/1.1" 200 11673 "http://www.commonaccord.org/?action=demo" "Mozilla/5.0 (Macintosh; Intel Mac OS X 10_9_2) AppleWebKit/537.36 (KHTML, like Gecko) Chrome/37.0.2062.122 Safari/537.36"
120.22.130.8 - - [21/Sep/2014:12:22:39 +0000] "GET /assets/escrow.png HTTP/1.1" 200 28483 "http://www.commonaccord.org/?action=demo" "Mozilla/5.0 (Macintosh; Intel Mac OS X 10_9_2) AppleWebKit/537.36 (KHTML, like Gecko) Chrome/37.0.2062.122 Safari/537.36"
120.22.130.8 - - [21/Sep/2014:12:22:39 +0000] "GET /assets/play.png HTTP/1.1" 200 16645 "http://www.commonaccord.org/?action=demo" "Mozilla/5.0 (Macintosh; Intel Mac OS X 10_9_2) AppleWebKit/537.36 (KHTML, like Gecko) Chrome/37.0.2062.122 Safari/537.36"
120.22.130.8 - - [21/Sep/2014:12:22:39 +0000] "GET /assets/cc.png HTTP/1.1" 200 21102 "http://www.commonaccord.org/?action=demo" "Mozilla/5.0 (Macintosh; Intel Mac OS X 10_9_2) AppleWebKit/537.36 (KHTML, like Gecko) Chrome/37.0.2062.122 Safari/537.36"
120.22.130.8 - - [21/Sep/2014:12:22:38 +0000] "GET /assets/cmacc-trans.png HTTP/1.1" 200 56208 "http://www.commonaccord.org/?action=demo" "Mozilla/5.0 (Macintosh; Intel Mac OS X 10_9_2) AppleWebKit/537.36 (KHTML, like Gecko) Chrome/37.0.2062.122 Safari/537.36"
120.22.130.8 - - [21/Sep/2014:12:22:41 +0000] "GET /favicon.ico HTTP/1.1" 404 506 "-" "Mozilla/5.0 (Macintosh; Intel Mac OS X 10_9_2) AppleWebKit/537.36 (KHTML, like Gecko) Chrome/37.0.2062.122 Safari/537.36"
120.22.130.8 - - [21/Sep/2014:12:23:05 +0000] "GET /Alpha/i.php?action=list&file=./Doc/about/how/ HTTP/1.1" 404 505 "-" "Mozilla/5.0 (Macintosh; Intel Mac OS X 10_9_2) AppleWebKit/537.36 (KHTML, like Gecko) Chrome/37.0.2062.122 Safari/537.36"
120.22.130.8 - - [21/Sep/2014:12:23:07 +0000] "GET /favicon.ico HTTP/1.1" 404 503 "-" "Mozilla/5.0 (Macintosh; Intel Mac OS X 10_9_2) AppleWebKit/537.36 (KHTML, like Gecko) Chrome/37.0.2062.122 Safari/537.36"
120.22.130.8 - - [21/Sep/2014:12:23:08 +0000] "GET /Alpha/i.php?action=list&file=./Doc/core/deal/escrow/ HTTP/1.1" 404 505 "-" "Mozilla/5.0 (Macintosh; Intel Mac OS X 10_9_2) AppleWebKit/537.36 (KHTML, like Gecko) Chrome/37.0.2062.122 Safari/537.36"
120.22.130.8 - - [21/Sep/2014:12:23:11 +0000] "GET /Alpha/i.php?action=source&file=./Doc/core/deal/web/Terms_of_Use_Demo_1 HTTP/1.1" 404 504 "-" "Mozilla/5.0 (Macintosh; Intel Mac OS X 10_9_2) AppleWebKit/537.36 (KHTML, like Gecko) Chrome/37.0.2062.122 Safari/537.36"
120.22.130.8 - - [21/Sep/2014:12:23:21 +0000] "GET /Alpha/ HTTP/1.1" 404 501 "-" "Mozilla/5.0 (Macintosh; Intel Mac OS X 10_9_2) AppleWebKit/537.36 (KHTML, like Gecko) Chrome/37.0.2062.122 Safari/537.36"
120.22.130.8 - - [21/Sep/2014:12:23:28 +0000] "GET / HTTP/1.1" 200 2249 "-" "Mozilla/5.0 (Macintosh; Intel Mac OS X 10_9_2) AppleWebKit/537.36 (KHTML, like Gecko) Chrome/37.0.2062.122 Safari/537.36"
120.22.130.8 - - [21/Sep/2014:12:23:29 +0000] "GET /assets/custom.css HTTP/1.1" 200 1193 "http://commonaccord.org/" "Mozilla/5.0 (Macintosh; Intel Mac OS X 10_9_2) AppleWebKit/537.36 (KHTML, like Gecko) Chrome/37.0.2062.122 Safari/537.36"
120.22.130.8 - - [21/Sep/2014:12:23:29 +0000] "GET /assets/cmacc-w.png HTTP/1.1" 200 7349 "http://commonaccord.org/" "Mozilla/5.0 (Macintosh; Intel Mac OS X 10_9_2) AppleWebKit/537.36 (KHTML, like Gecko) Chrome/37.0.2062.122 Safari/537.36"
120.22.130.8 - - [21/Sep/2014:12:23:30 +0000] "GET /assets/learn.jpg HTTP/1.1" 200 19431 "http://commonaccord.org/" "Mozilla/5.0 (Macintosh; Intel Mac OS X 10_9_2) AppleWebKit/537.36 (KHTML, like Gecko) Chrome/37.0.2062.122 Safari/537.36"
120.22.130.8 - - [21/Sep/2014:12:23:30 +0000] "GET /assets/more.png HTTP/1.1" 200 18810 "http://commonaccord.org/" "Mozilla/5.0 (Macintosh; Intel Mac OS X 10_9_2) AppleWebKit/537.36 (KHTML, like Gecko) Chrome/37.0.2062.122 Safari/537.36"
120.22.130.8 - - [21/Sep/2014:12:23:30 +0000] "GET /assets/cc.png HTTP/1.1" 200 21102 "http://commonaccord.org/" "Mozilla/5.0 (Macintosh; Intel Mac OS X 10_9_2) AppleWebKit/537.36 (KHTML, like Gecko) Chrome/37.0.2062.122 Safari/537.36"
120.22.130.8 - - [21/Sep/2014:12:23:29 +0000] "GET /assets/cmacc-trans.png HTTP/1.1" 200 56208 "http://commonaccord.org/" "Mozilla/5.0 (Macintosh; Intel Mac OS X 10_9_2) AppleWebKit/537.36 (KHTML, like Gecko) Chrome/37.0.2062.122 Safari/537.36"
120.22.130.8 - - [21/Sep/2014:12:23:48 +0000] "GET /alpha HTTP/1.1" 404 501 "-" "Mozilla/5.0 (Macintosh; Intel Mac OS X 10_9_2) AppleWebKit/537.36 (KHTML, like Gecko) Chrome/37.0.2062.122 Safari/537.36"
120.22.130.8 - - [21/Sep/2014:12:23:57 +0000] "GET /index.htm HTTP/1.1" 404 503 "-" "Mozilla/5.0 (Macintosh; Intel Mac OS X 10_9_2) AppleWebKit/537.36 (KHTML, like Gecko) Chrome/37.0.2062.122 Safari/537.36"
120.22.130.8 - - [21/Sep/2014:12:24:17 +0000] "GET /?action=list&file=./Doc/about/how/ HTTP/1.1" 200 1251 "-" "Mozilla/5.0 (Macintosh; Intel Mac OS X 10_9_2) AppleWebKit/537.36 (KHTML, like Gecko) Chrome/37.0.2062.122 Safari/537.36"
120.22.130.8 - - [21/Sep/2014:12:24:18 +0000] "GET /assets/arrowup.png HTTP/1.1" 200 11673 "http://commonaccord.org/?action=list&file=./Doc/about/how/" "Mozilla/5.0 (Macintosh; Intel Mac OS X 10_9_2) AppleWebKit/537.36 (KHTML, like Gecko) Chrome/37.0.2062.122 Safari/537.36"
120.22.130.8 - - [21/Sep/2014:12:24:18 +0000] "GET /assets/play.png HTTP/1.1" 200 16645 "http://commonaccord.org/?action=list&file=./Doc/about/how/" "Mozilla/5.0 (Macintosh; Intel Mac OS X 10_9_2) AppleWebKit/537.36 (KHTML, like Gecko) Chrome/37.0.2062.122 Safari/537.36"
120.22.130.8 - - [21/Sep/2014:12:24:28 +0000] "GET /Alpha/i.php?action=list&file=./Doc/core/deal/escrow/ HTTP/1.1" 404 505 "-" "Mozilla/5.0 (Macintosh; Intel Mac OS X 10_9_2) AppleWebKit/537.36 (KHTML, like Gecko) Chrome/37.0.2062.122 Safari/537.36"
120.22.130.8 - - [21/Sep/2014:12:24:30 +0000] "GET /Alpha/i.php?action=source&file=./Doc/core/deal/web/Terms_of_Use_Demo_1 HTTP/1.1" 404 504 "-" "Mozilla/5.0 (Macintosh; Intel Mac OS X 10_9_2) AppleWebKit/537.36 (KHTML, like Gecko) Chrome/37.0.2062.122 Safari/537.36"
66.249.65.85 - - [21/Sep/2014:12:24:30 +0000] "GET /index.php?action=list&file=Doc/me/openbazaar/ HTTP/1.1" 200 1128 "-" "Mozilla/5.0 (compatible; Googlebot/2.1; +http://www.google.com/bot.html)"
37.58.100.154 - - [21/Sep/2014:12:24:36 +0000] "GET /index.php?action=list&file=Doc/core/re/patent/us/ HTTP/1.1" 200 1091 "-" "Mozilla/5.0 (compatible; AhrefsBot/5.0; +http://ahrefs.com/robot/)"
120.22.130.8 - - [21/Sep/2014:12:24:38 +0000] "GET /action=list&file=./Doc/core/deal/escrow/ HTTP/1.1" 404 527 "-" "Mozilla/5.0 (Macintosh; Intel Mac OS X 10_9_2) AppleWebKit/537.36 (KHTML, like Gecko) Chrome/37.0.2062.122 Safari/537.36"
37.58.100.145 - - [21/Sep/2014:12:24:44 +0000] "GET /index.php?action=list&file=Doc/me/openbazaar/ HTTP/1.1" 200 1072 "-" "Mozilla/5.0 (compatible; AhrefsBot/5.0; +http://ahrefs.com/robot/)"
120.22.130.8 - - [21/Sep/2014:12:24:46 +0000] "GET /?action=list&file=./Doc/core/deal/escrow/ HTTP/1.1" 200 1245 "-" "Mozilla/5.0 (Macintosh; Intel Mac OS X 10_9_2) AppleWebKit/537.36 (KHTML, like Gecko) Chrome/37.0.2062.122 Safari/537.36"
120.22.130.8 - - [21/Sep/2014:12:24:54 +0000] "GET /?action=source&file=./Doc/core/deal/web/Terms_of_Use_Demo_1 HTTP/1.1" 200 1421 "-" "Mozilla/5.0 (Macintosh; Intel Mac OS X 10_9_2) AppleWebKit/537.36 (KHTML, like Gecko) Chrome/37.0.2062.122 Safari/537.36"
120.22.130.8 - - [21/Sep/2014:12:24:59 +0000] "GET /index.php?action=list&file=./Doc/core/deal/ HTTP/1.1" 200 1240 "http://commonaccord.org/?action=list&file=./Doc/core/deal/escrow/" "Mozilla/5.0 (Macintosh; Intel Mac OS X 10_9_2) AppleWebKit/537.36 (KHTML, like Gecko) Chrome/37.0.2062.122 Safari/537.36"
120.22.130.8 - - [21/Sep/2014:12:25:07 +0000] "GET /index.php?action=source&file=./Doc/about/how/Lesson1 HTTP/1.1" 200 1674 "http://commonaccord.org/?action=list&file=./Doc/about/how/" "Mozilla/5.0 (Macintosh; Intel Mac OS X 10_9_2) AppleWebKit/537.36 (KHTML, like Gecko) Chrome/37.0.2062.122 Safari/537.36"
120.22.130.8 - - [21/Sep/2014:12:25:41 +0000] "GET /alpha/?action=source&file=./Doc/core/deal/web/Terms_of_Use_Demo_1 HTTP/1.1" 404 501 "-" "Mozilla/5.0 (Macintosh; Intel Mac OS X 10_9_2) AppleWebKit/537.36 (KHTML, like Gecko) Chrome/37.0.2062.122 Safari/537.36"
120.22.130.8 - - [21/Sep/2014:12:25:48 +0000] "GET /alpha?action=source&file=./Doc/core/deal/web/Terms_of_Use_Demo_1 HTTP/1.1" 404 501 "-" "Mozilla/5.0 (Macintosh; Intel Mac OS X 10_9_2) AppleWebKit/537.36 (KHTML, like Gecko) Chrome/37.0.2062.122 Safari/537.36"
120.22.130.8 - - [21/Sep/2014:12:25:57 +0000] "GET /index.php?action=source&file=Doc/core/id/roberta_robinson HTTP/1.1" 200 1960 "http://www.commonaccord.org/?action=demo" "Mozilla/5.0 (Macintosh; Intel Mac OS X 10_9_2) AppleWebKit/537.36 (KHTML, like Gecko) Chrome/37.0.2062.122 Safari/537.36"
120.22.130.8 - - [21/Sep/2014:12:26:16 +0000] "GET /index.php?action=source&file=Doc/core/form/agt/escrow/Form HTTP/1.1" 200 5994 "http://www.commonaccord.org/?action=demo" "Mozilla/5.0 (Macintosh; Intel Mac OS X 10_9_2) AppleWebKit/537.36 (KHTML, like Gecko) Chrome/37.0.2062.122 Safari/537.36"
120.22.130.8 - - [21/Sep/2014:12:26:18 +0000] "GET /index.php?action=source&file=Doc/core/form/agt/escrow/JAMS_Arbitration_Chicago HTTP/1.1" 200 1485 "http://www.commonaccord.org/?action=demo" "Mozilla/5.0 (Macintosh; Intel Mac OS X 10_9_2) AppleWebKit/537.36 (KHTML, like Gecko) Chrome/37.0.2062.122 Safari/537.36"
37.58.100.145 - - [21/Sep/2014:12:27:21 +0000] "GET /index.php?action=source&file=Doc/event/startup/yc/SAFE_AGT_Demo_Cap_NoDiscount_1_d03 HTTP/1.1" 200 7801 "-" "Mozilla/5.0 (compatible; AhrefsBot/5.0; +http://ahrefs.com/robot/)"
66.249.65.66 - - [21/Sep/2014:12:28:18 +0000] "GET /index.php?action=list&file=./.git/objects/15/ HTTP/1.1" 200 1205 "-" "Mozilla/5.0 (compatible; Googlebot/2.1; +http://www.google.com/bot.html)"
120.22.130.8 - - [21/Sep/2014:12:28:31 +0000] "GET /?action=demo HTTP/1.1" 200 1645 "-" "Mozilla/5.0 (Macintosh; Intel Mac OS X 10_9_2) AppleWebKit/537.75.14 (KHTML, like Gecko) Version/7.0.3 Safari/537.75.14"
120.22.130.8 - - [21/Sep/2014:12:28:32 +0000] "GET /assets/custom.css HTTP/1.1" 200 1193 "http://www.commonaccord.org/?action=demo" "Mozilla/5.0 (Macintosh; Intel Mac OS X 10_9_2) AppleWebKit/537.75.14 (KHTML, like Gecko) Version/7.0.3 Safari/537.75.14"
120.22.130.8 - - [21/Sep/2014:12:28:33 +0000] "GET /assets/cmacc-w.png HTTP/1.1" 200 7349 "http://www.commonaccord.org/?action=demo" "Mozilla/5.0 (Macintosh; Intel Mac OS X 10_9_2) AppleWebKit/537.75.14 (KHTML, like Gecko) Version/7.0.3 Safari/537.75.14"
120.22.130.8 - - [21/Sep/2014:12:28:34 +0000] "GET /assets/arrowup.png HTTP/1.1" 200 11674 "http://www.commonaccord.org/?action=demo" "Mozilla/5.0 (Macintosh; Intel Mac OS X 10_9_2) AppleWebKit/537.75.14 (KHTML, like Gecko) Version/7.0.3 Safari/537.75.14"
120.22.130.8 - - [21/Sep/2014:12:28:34 +0000] "GET /assets/play.png HTTP/1.1" 200 16645 "http://www.commonaccord.org/?action=demo" "Mozilla/5.0 (Macintosh; Intel Mac OS X 10_9_2) AppleWebKit/537.75.14 (KHTML, like Gecko) Version/7.0.3 Safari/537.75.14"
120.22.130.8 - - [21/Sep/2014:12:28:34 +0000] "GET /assets/cc.png HTTP/1.1" 200 21102 "http://www.commonaccord.org/?action=demo" "Mozilla/5.0 (Macintosh; Intel Mac OS X 10_9_2) AppleWebKit/537.75.14 (KHTML, like Gecko) Version/7.0.3 Safari/537.75.14"
120.22.130.8 - - [21/Sep/2014:12:28:34 +0000] "GET /assets/escrow.png HTTP/1.1" 200 28484 "http://www.commonaccord.org/?action=demo" "Mozilla/5.0 (Macintosh; Intel Mac OS X 10_9_2) AppleWebKit/537.75.14 (KHTML, like Gecko) Version/7.0.3 Safari/537.75.14"
120.22.130.8 - - [21/Sep/2014:12:28:34 +0000] "GET /assets/cmacc-trans.png HTTP/1.1" 200 56208 "http://www.commonaccord.org/?action=demo" "Mozilla/5.0 (Macintosh; Intel Mac OS X 10_9_2) AppleWebKit/537.75.14 (KHTML, like Gecko) Version/7.0.3 Safari/537.75.14"
120.22.130.8 - - [21/Sep/2014:12:28:37 +0000] "GET /favicon.ico HTTP/1.1" 404 507 "http://www.commonaccord.org/?action=demo" "Mozilla/5.0 (Macintosh; Intel Mac OS X 10_9_2) AppleWebKit/537.75.14 (KHTML, like Gecko) Version/7.0.3 Safari/537.75.14"
120.22.130.8 - - [21/Sep/2014:12:29:05 +0000] "GET /index.php?action=source&file=Doc/event/escrow/Demo_Escrow_Step_1_Parties HTTP/1.1" 200 5337 "-" "Mozilla/5.0 (Macintosh; Intel Mac OS X 10_9_2) AppleWebKit/537.75.14 (KHTML, like Gecko) Version/7.0.3 Safari/537.75.14"
120.22.130.8 - - [21/Sep/2014:12:29:07 +0000] "GET /assets/custom.css HTTP/1.1" 200 1193 "http://www.commonaccord.org/index.php?action=source&file=Doc/event/escrow/Demo_Escrow_Step_1_Parties" "Mozilla/5.0 (Macintosh; Intel Mac OS X 10_9_2) AppleWebKit/537.75.14 (KHTML, like Gecko) Version/7.0.3 Safari/537.75.14"
120.22.130.8 - - [21/Sep/2014:12:30:17 +0000] "GET /index.php?action=source&file=Doc/event/escrow/Demo_Escrow_Step_3_Signature HTTP/1.1" 200 5132 "-" "Mozilla/5.0 (Macintosh; Intel Mac OS X 10_9_2) AppleWebKit/537.75.14 (KHTML, like Gecko) Version/7.0.3 Safari/537.75.14"
120.22.130.8 - - [21/Sep/2014:12:30:17 +0000] "GET /assets/custom.css HTTP/1.1" 200 1193 "http://www.commonaccord.org/index.php?action=source&file=Doc/event/escrow/Demo_Escrow_Step_3_Signature" "Mozilla/5.0 (Macintosh; Intel Mac OS X 10_9_2) AppleWebKit/537.75.14 (KHTML, like Gecko) Version/7.0.3 Safari/537.75.14"
120.22.130.8 - - [21/Sep/2014:12:30:27 +0000] "GET /index.php?action=source&file=Doc/event/escrow/Demo_Escrow_Step_4_Claim HTTP/1.1" 200 2294 "http://www.commonaccord.org/?action=demo" "Mozilla/5.0 (Macintosh; Intel Mac OS X 10_9_2) AppleWebKit/537.75.14 (KHTML, like Gecko) Version/7.0.3 Safari/537.75.14"
98.113.103.189 - - [21/Sep/2014:12:31:35 +0000] "GET /index.php?action=list&file=Doc/RealDeal/Doc/ HTTP/1.1" 200 1142 "http://www.commonaccord.org/index.php?action=source&file=Doc/RealDeal/Doc/RD_DG_Assign_Agt" "Mozilla/5.0 (Macintosh; Intel Mac OS X 10_9_4) AppleWebKit/537.36 (KHTML, like Gecko) Chrome/37.0.2062.122 Safari/537.36"
98.113.103.189 - - [21/Sep/2014:12:31:42 +0000] "GET /index.php?action=list&file=Doc/RealDeal/ HTTP/1.1" 200 1202 "http://www.commonaccord.org/index.php?action=list&file=Doc/RealDeal/Doc/" "Mozilla/5.0 (Macintosh; Intel Mac OS X 10_9_4) AppleWebKit/537.36 (KHTML, like Gecko) Chrome/37.0.2062.122 Safari/537.36"
98.113.103.189 - - [21/Sep/2014:12:31:46 +0000] "GET /index.php?action=list&file=Doc/ HTTP/1.1" 200 1115 "http://www.commonaccord.org/index.php?action=list&file=Doc/RealDeal/" "Mozilla/5.0 (Macintosh; Intel Mac OS X 10_9_4) AppleWebKit/537.36 (KHTML, like Gecko) Chrome/37.0.2062.122 Safari/537.36"
98.113.103.189 - - [21/Sep/2014:12:31:48 +0000] "GET /index.php?action=list&file=Doc/Acme/ HTTP/1.1" 200 1188 "http://www.commonaccord.org/index.php?action=list&file=Doc/" "Mozilla/5.0 (Macintosh; Intel Mac OS X 10_9_4) AppleWebKit/537.36 (KHTML, like Gecko) Chrome/37.0.2062.122 Safari/537.36"
98.113.103.189 - - [21/Sep/2014:12:31:54 +0000] "GET /index.php?action=list&file=Doc/Acme/Doc/ HTTP/1.1" 200 1207 "http://www.commonaccord.org/index.php?action=list&file=Doc/Acme/" "Mozilla/5.0 (Macintosh; Intel Mac OS X 10_9_4) AppleWebKit/537.36 (KHTML, like Gecko) Chrome/37.0.2062.122 Safari/537.36"
98.113.103.189 - - [21/Sep/2014:12:32:01 +0000] "GET /index.php?action=source&file=Doc/Acme/Doc/Acme_Solomon_Shirley_Assign_Agt_v02 HTTP/1.1" 200 1465 "http://www.commonaccord.org/index.php?action=list&file=Doc/Acme/Doc/" "Mozilla/5.0 (Macintosh; Intel Mac OS X 10_9_4) AppleWebKit/537.36 (KHTML, like Gecko) Chrome/37.0.2062.122 Safari/537.36"
66.249.65.85 - - [21/Sep/2014:12:32:05 +0000] "GET /index.php?action=list&file=Doc/me/hubculture/ HTTP/1.1" 200 1131 "-" "Mozilla/5.0 (compatible; Googlebot/2.1; +http://www.google.com/bot.html)"
98.113.103.189 - - [21/Sep/2014:12:32:17 +0000] "GET /index.php?action=source&file=Doc/Acme/Doc/Acme_Solomon_Shirley_Assign_Agt_v01 HTTP/1.1" 200 1685 "http://www.commonaccord.org/index.php?action=source&file=Doc/Acme/Doc/Acme_Solomon_Shirley_Assign_Agt_v02" "Mozilla/5.0 (Macintosh; Intel Mac OS X 10_9_4) AppleWebKit/537.36 (KHTML, like Gecko) Chrome/37.0.2062.122 Safari/537.36"
98.113.103.189 - - [21/Sep/2014:12:32:26 +0000] "GET /index.php?action=source&file=Doc/Acme/form/Docracy-48-Technology-Assignment-Agreement-v02 HTTP/1.1" 200 6092 "http://www.commonaccord.org/index.php?action=source&file=Doc/Acme/Doc/Acme_Solomon_Shirley_Assign_Agt_v01" "Mozilla/5.0 (Macintosh; Intel Mac OS X 10_9_4) AppleWebKit/537.36 (KHTML, like Gecko) Chrome/37.0.2062.122 Safari/537.36"
120.22.130.8 - - [21/Sep/2014:12:32:38 +0000] "POST /index.php HTTP/1.1" 200 2260 "http://www.commonaccord.org/index.php?action=source&file=Doc/event/escrow/Demo_Escrow_Step_4_Claim" "Mozilla/5.0 (Macintosh; Intel Mac OS X 10_9_2) AppleWebKit/537.75.14 (KHTML, like Gecko) Version/7.0.3 Safari/537.75.14"
120.22.130.8 - - [21/Sep/2014:12:32:38 +0000] "GET /assets/custom.css HTTP/1.1" 200 1193 "http://www.commonaccord.org/index.php" "Mozilla/5.0 (Macintosh; Intel Mac OS X 10_9_2) AppleWebKit/537.75.14 (KHTML, like Gecko) Version/7.0.3 Safari/537.75.14"
37.58.100.154 - - [21/Sep/2014:12:32:58 +0000] "GET /index.php?action=source&file=Doc/about/us/hazardj HTTP/1.1" 200 1395 "-" "Mozilla/5.0 (compatible; AhrefsBot/5.0; +http://ahrefs.com/robot/)"
120.22.130.8 - - [21/Sep/2014:12:33:08 +0000] "POST /index.php HTTP/1.1" 200 2273 "http://www.commonaccord.org/index.php" "Mozilla/5.0 (Macintosh; Intel Mac OS X 10_9_2) AppleWebKit/537.75.14 (KHTML, like Gecko) Version/7.0.3 Safari/537.75.14"
37.58.100.154 - - [21/Sep/2014:12:34:12 +0000] "GET /index.php?action=list&file=Doc/core/form/agt/attyEngagement/ HTTP/1.1" 200 1104 "-" "Mozilla/5.0 (compatible; AhrefsBot/5.0; +http://ahrefs.com/robot/)"
66.249.65.66 - - [21/Sep/2014:12:34:45 +0000] "GET /index.php?action=list&file=./.git/objects/88/ HTTP/1.1" 200 1241 "-" "Mozilla/5.0 (compatible; Googlebot/2.1; +http://www.google.com/bot.html)"
120.22.130.8 - - [21/Sep/2014:12:35:11 +0000] "GET /?action=demo HTTP/1.1" 200 1645 "-" "Mozilla/5.0 (Macintosh; Intel Mac OS X 10_9_2) AppleWebKit/537.75.14 (KHTML, like Gecko) Version/7.0.3 Safari/537.75.14"
120.22.130.8 - - [21/Sep/2014:12:35:14 +0000] "GET /index.php?action=source&file=Doc/event/escrow/Binder_of_4_Steps HTTP/1.1" 200 6322 "http://www.commonaccord.org/?action=demo" "Mozilla/5.0 (Macintosh; Intel Mac OS X 10_9_2) AppleWebKit/537.75.14 (KHTML, like Gecko) Version/7.0.3 Safari/537.75.14"
120.22.130.8 - - [21/Sep/2014:12:36:05 +0000] "GET /index.php?action=source&file=Doc/core/form/agt/escrow/JAMS_Arbitration_Chicago HTTP/1.1" 200 1486 "http://www.commonaccord.org/?action=demo" "Mozilla/5.0 (Macintosh; Intel Mac OS X 10_9_2) AppleWebKit/537.75.14 (KHTML, like Gecko) Version/7.0.3 Safari/537.75.14"
