98.113.103.189 - - [21/Sep/2014:12:37:21 +0000] "GET /index.php?action=source&file=Doc/core/form/agt/web/tou/userContent/UC_Sec HTTP/1.1" 200 4143 "http://commonaccord.org/index.php?action=source&file=Doc/about/Personal_Data" "Mozilla/5.0 (Macintosh; Intel Mac OS X 10_9_4) AppleWebKit/537.36 (KHTML, like Gecko) Chrome/37.0.2062.122 Safari/537.36"
66.249.65.93 - - [21/Sep/2014:12:37:25 +0000] "GET /index.php?action=list&file=Doc/core/at/USA/CA/ HTTP/1.1" 200 1192 "-" "Mozilla/5.0 (compatible; Googlebot/2.1; +http://www.google.com/bot.html)"
98.113.103.189 - - [21/Sep/2014:12:37:26 +0000] "GET /index.php?action=source&file=Doc/core/form/agt/master/personaldata/PD_Sec HTTP/1.1" 200 3271 "http://commonaccord.org/index.php?action=source&file=Doc/about/Personal_Data" "Mozilla/5.0 (Macintosh; Intel Mac OS X 10_9_4) AppleWebKit/537.36 (KHTML, like Gecko) Chrome/37.0.2062.122 Safari/537.36"
98.113.103.189 - - [21/Sep/2014:12:37:44 +0000] "GET /index.php?action=list&file=Doc/ HTTP/1.1" 200 1116 "http://commonaccord.org/index.php?action=list&file=Doc/about/" "Mozilla/5.0 (Macintosh; Intel Mac OS X 10_9_4) AppleWebKit/537.36 (KHTML, like Gecko) Chrome/37.0.2062.122 Safari/537.36"
98.113.103.189 - - [21/Sep/2014:12:37:47 +0000] "GET /index.php?action=list&file=Doc/Acme/ HTTP/1.1" 200 1188 "http://commonaccord.org/index.php?action=list&file=Doc/" "Mozilla/5.0 (Macintosh; Intel Mac OS X 10_9_4) AppleWebKit/537.36 (KHTML, like Gecko) Chrome/37.0.2062.122 Safari/537.36"
98.113.103.189 - - [21/Sep/2014:12:37:51 +0000] "GET /index.php?action=source&file=Doc/Acme/OrgChart HTTP/1.1" 200 1527 "http://commonaccord.org/index.php?action=list&file=Doc/Acme/" "Mozilla/5.0 (Macintosh; Intel Mac OS X 10_9_4) AppleWebKit/537.36 (KHTML, like Gecko) Chrome/37.0.2062.122 Safari/537.36"
98.113.103.189 - - [21/Sep/2014:12:37:59 +0000] "GET /index.php?action=list&file=Doc/Acme/ HTTP/1.1" 200 1189 "http://commonaccord.org/index.php?action=source&file=Doc/Acme/OrgChart" "Mozilla/5.0 (Macintosh; Intel Mac OS X 10_9_4) AppleWebKit/537.36 (KHTML, like Gecko) Chrome/37.0.2062.122 Safari/537.36"
98.113.103.189 - - [21/Sep/2014:12:38:01 +0000] "GET /index.php?action=list&file=Doc/Acme/IDs/ HTTP/1.1" 200 1187 "http://commonaccord.org/index.php?action=list&file=Doc/Acme/" "Mozilla/5.0 (Macintosh; Intel Mac OS X 10_9_4) AppleWebKit/537.36 (KHTML, like Gecko) Chrome/37.0.2062.122 Safari/537.36"
98.113.103.189 - - [21/Sep/2014:12:38:08 +0000] "GET /index.php?action=source&file=Doc/Acme/IDs/Abigail_Altima HTTP/1.1" 200 1777 "http://commonaccord.org/index.php?action=list&file=Doc/Acme/IDs/" "Mozilla/5.0 (Macintosh; Intel Mac OS X 10_9_4) AppleWebKit/537.36 (KHTML, like Gecko) Chrome/37.0.2062.122 Safari/537.36"
98.113.103.189 - - [21/Sep/2014:12:38:30 +0000] "GET /index.php?action=source&file=Doc/Acme/IDs/Solomon_Shirley HTTP/1.1" 200 1780 "http://commonaccord.org/index.php?action=list&file=Doc/Acme/IDs/" "Mozilla/5.0 (Macintosh; Intel Mac OS X 10_9_4) AppleWebKit/537.36 (KHTML, like Gecko) Chrome/37.0.2062.122 Safari/537.36"
120.22.130.8 - - [21/Sep/2014:12:39:41 +0000] "GET /index.php?action=source&file=Doc/event/escrow/Demo_Escrow_Step_1_Parties HTTP/1.1" 200 5337 "http://www.commonaccord.org/?action=demo" "Mozilla/5.0 (Macintosh; Intel Mac OS X 10_9_2) AppleWebKit/537.75.14 (KHTML, like Gecko) Version/7.0.3 Safari/537.75.14"
120.22.130.8 - - [21/Sep/2014:12:39:50 +0000] "GET /index.php?action=source&file=Doc/core/form/agt/escrow/JAMS_Arbitration_Chicago HTTP/1.1" 200 1486 "http://www.commonaccord.org/index.php?action=source&file=Doc/event/escrow/Demo_Escrow_Step_1_Parties" "Mozilla/5.0 (Macintosh; Intel Mac OS X 10_9_2) AppleWebKit/537.75.14 (KHTML, like Gecko) Version/7.0.3 Safari/537.75.14"
120.22.130.8 - - [21/Sep/2014:12:40:18 +0000] "GET /index.php?action=source&file=Doc/core/form/agt/escrow/Form HTTP/1.1" 200 5994 "http://www.commonaccord.org/index.php?action=source&file=Doc/event/escrow/Demo_Escrow_Step_1_Parties" "Mozilla/5.0 (Macintosh; Intel Mac OS X 10_9_2) AppleWebKit/537.75.14 (KHTML, like Gecko) Version/7.0.3 Safari/537.75.14"
66.249.65.74 - - [21/Sep/2014:12:41:13 +0000] "GET /index.php?action=list&file=./.git/objects/26/ HTTP/1.1" 200 1238 "-" "Mozilla/5.0 (compatible; Googlebot/2.1; +http://www.google.com/bot.html)"
37.58.100.154 - - [21/Sep/2014:12:41:27 +0000] "GET /index.php?action=list&file=Doc/core/at/USA/NY/ HTTP/1.1" 200 1127 "-" "Mozilla/5.0 (compatible; AhrefsBot/5.0; +http://ahrefs.com/robot/)"
37.58.100.145 - - [21/Sep/2014:12:43:02 +0000] "GET /index.php?action=source&file=Doc/core/form/agt/startup/nvca/ts/NVCA_TS HTTP/1.1" 200 10842 "-" "Mozilla/5.0 (compatible; AhrefsBot/5.0; +http://ahrefs.com/robot/)"
66.249.65.74 - - [21/Sep/2014:12:43:53 +0000] "GET /index.php?action=list&file=./.git/objects/5d/ HTTP/1.1" 200 1310 "-" "Mozilla/5.0 (compatible; Googlebot/2.1; +http://www.google.com/bot.html)"
37.58.100.145 - - [21/Sep/2014:12:46:45 +0000] "GET /index.php?action=source&file=Doc/core/form/agt/master/personaldata/PD_Sec HTTP/1.1" 200 3216 "-" "Mozilla/5.0 (compatible; AhrefsBot/5.0; +http://ahrefs.com/robot/)"
66.249.65.74 - - [21/Sep/2014:12:47:05 +0000] "GET /index.php?action=list&file=./.git/objects/ce/ HTTP/1.1" 200 1276 "-" "Mozilla/5.0 (compatible; Googlebot/2.1; +http://www.google.com/bot.html)"
120.22.130.8 - - [21/Sep/2014:12:47:19 +0000] "GET /index.php?action=source&file=Doc/core/form/agt/escrow/JAMS_Arbitration_Chicago HTTP/1.1" 200 1486 "-" "Mozilla/5.0 (Macintosh; Intel Mac OS X 10_9_2) AppleWebKit/537.75.14 (KHTML, like Gecko) Version/7.0.3 Safari/537.75.14"
120.22.130.8 - - [21/Sep/2014:12:47:20 +0000] "GET /assets/custom.css HTTP/1.1" 200 1193 "http://www.commonaccord.org/index.php?action=source&file=Doc/core/form/agt/escrow/JAMS_Arbitration_Chicago" "Mozilla/5.0 (Macintosh; Intel Mac OS X 10_9_2) AppleWebKit/537.75.14 (KHTML, like Gecko) Version/7.0.3 Safari/537.75.14"
37.58.100.145 - - [21/Sep/2014:12:47:45 +0000] "GET /index.php?action=source&file=Doc/core/form/litigation/settlement/Class_Action_Settlement_Library HTTP/1.1" 200 13976 "-" "Mozilla/5.0 (compatible; AhrefsBot/5.0; +http://ahrefs.com/robot/)"
37.58.100.145 - - [21/Sep/2014:12:47:54 +0000] "GET /index.php?action=source&file=Doc/about/tour/Privacy HTTP/1.1" 200 25874 "-" "Mozilla/5.0 (compatible; AhrefsBot/5.0; +http://ahrefs.com/robot/)"
37.58.100.145 - - [21/Sep/2014:12:48:29 +0000] "GET /index.php?action=list&file=Doc/core/form/litigation/base/ HTTP/1.1" 200 1093 "-" "Mozilla/5.0 (compatible; AhrefsBot/5.0; +http://ahrefs.com/robot/)"
120.22.130.8 - - [21/Sep/2014:12:48:53 +0000] "GET /index.php?action=source&file=Doc/core/id/gerrys_grapes_llc HTTP/1.1" 200 1997 "-" "Mozilla/5.0 (Macintosh; Intel Mac OS X 10_9_2) AppleWebKit/537.75.14 (KHTML, like Gecko) Version/7.0.3 Safari/537.75.14"
120.22.130.8 - - [21/Sep/2014:12:48:54 +0000] "GET /assets/custom.css HTTP/1.1" 200 1193 "http://www.commonaccord.org/index.php?action=source&file=Doc/core/id/gerrys_grapes_llc" "Mozilla/5.0 (Macintosh; Intel Mac OS X 10_9_2) AppleWebKit/537.75.14 (KHTML, like Gecko) Version/7.0.3 Safari/537.75.14"
120.22.130.8 - - [21/Sep/2014:12:50:03 +0000] "GET /index.php?action=source&file=Doc/core/class/ID_Entity HTTP/1.1" 200 2087 "http://www.commonaccord.org/index.php?action=source&file=Doc/core/id/gerrys_grapes_llc" "Mozilla/5.0 (Macintosh; Intel Mac OS X 10_9_2) AppleWebKit/537.75.14 (KHTML, like Gecko) Version/7.0.3 Safari/537.75.14"
66.249.65.66 - - [21/Sep/2014:12:50:20 +0000] "GET /index.php?action=list&file=./.git/objects/fb/ HTTP/1.1" 200 1241 "-" "Mozilla/5.0 (compatible; Googlebot/2.1; +http://www.google.com/bot.html)"
120.22.130.8 - - [21/Sep/2014:12:50:22 +0000] "GET /index.php?action=source&file=Doc/core/at/USA/MA/Middlesex/Cambridge/Broadway/1/Geo HTTP/1.1" 200 1706 "http://www.commonaccord.org/index.php?action=source&file=Doc/core/id/gerrys_grapes_llc" "Mozilla/5.0 (Macintosh; Intel Mac OS X 10_9_2) AppleWebKit/537.75.14 (KHTML, like Gecko) Version/7.0.3 Safari/537.75.14"
120.22.130.8 - - [21/Sep/2014:12:50:52 +0000] "GET /index.php?action=source&file=Doc/core/id/roberta_robinson HTTP/1.1" 200 1960 "-" "Mozilla/5.0 (Macintosh; Intel Mac OS X 10_9_2) AppleWebKit/537.75.14 (KHTML, like Gecko) Version/7.0.3 Safari/537.75.14"
120.22.130.8 - - [21/Sep/2014:12:50:52 +0000] "GET /assets/custom.css HTTP/1.1" 200 1193 "http://www.commonaccord.org/index.php?action=source&file=Doc/core/id/roberta_robinson" "Mozilla/5.0 (Macintosh; Intel Mac OS X 10_9_2) AppleWebKit/537.75.14 (KHTML, like Gecko) Version/7.0.3 Safari/537.75.14"
37.58.100.154 - - [21/Sep/2014:12:52:26 +0000] "GET /index.php?action=list&file=Doc/core/form/agt/nda/ HTTP/1.1" 200 1143 "-" "Mozilla/5.0 (compatible; AhrefsBot/5.0; +http://ahrefs.com/robot/)"
120.22.130.8 - - [21/Sep/2014:12:52:40 +0000] "GET /index.php?action=source&file=Doc/core/id/safe_hands_inc HTTP/1.1" 200 1974 "-" "Mozilla/5.0 (Macintosh; Intel Mac OS X 10_9_2) AppleWebKit/537.75.14 (KHTML, like Gecko) Version/7.0.3 Safari/537.75.14"
120.22.130.8 - - [21/Sep/2014:12:52:41 +0000] "GET /assets/custom.css HTTP/1.1" 200 1193 "http://www.commonaccord.org/index.php?action=source&file=Doc/core/id/safe_hands_inc" "Mozilla/5.0 (Macintosh; Intel Mac OS X 10_9_2) AppleWebKit/537.75.14 (KHTML, like Gecko) Version/7.0.3 Safari/537.75.14"
66.249.65.89 - - [21/Sep/2014:12:53:01 +0000] "GET /index.php?action=list&file=Doc/core/at/USA/MD/ HTTP/1.1" 200 1165 "-" "Mozilla/5.0 (compatible; Googlebot/2.1; +http://www.google.com/bot.html)"
120.22.130.8 - - [21/Sep/2014:12:54:00 +0000] "GET /index.php?action=source&file=Doc/core/id/fabulous_express_inc HTTP/1.1" 200 1947 "http://www.commonaccord.org/index.php?action=source&file=Doc/event/escrow/Demo_Escrow_Step_1_Parties" "Mozilla/5.0 (Macintosh; Intel Mac OS X 10_9_2) AppleWebKit/537.75.14 (KHTML, like Gecko) Version/7.0.3 Safari/537.75.14"
120.22.130.8 - - [21/Sep/2014:12:55:02 +0000] "GET /index.php?action=source&file=Doc/core/id/solomon_shirley HTTP/1.1" 200 1956 "http://www.commonaccord.org/index.php?action=source&file=Doc/event/escrow/Demo_Escrow_Step_1_Parties" "Mozilla/5.0 (Macintosh; Intel Mac OS X 10_9_2) AppleWebKit/537.75.14 (KHTML, like Gecko) Version/7.0.3 Safari/537.75.14"
120.22.130.8 - - [21/Sep/2014:12:55:56 +0000] "GET /index.php?action=source&file=Doc/core/form/agt/escrow/JAMS_Arbitration_Chicago HTTP/1.1" 200 1486 "http://www.commonaccord.org/index.php?action=source&file=Doc/event/escrow/Demo_Escrow_Step_1_Parties" "Mozilla/5.0 (Macintosh; Intel Mac OS X 10_9_2) AppleWebKit/537.75.14 (KHTML, like Gecko) Version/7.0.3 Safari/537.75.14"
120.22.130.8 - - [21/Sep/2014:12:56:01 +0000] "GET /index.php?action=source&file=Doc/core/id/solomon_shirley HTTP/1.1" 200 1955 "http://www.commonaccord.org/index.php?action=source&file=Doc/event/escrow/Demo_Escrow_Step_1_Parties" "Mozilla/5.0 (Macintosh; Intel Mac OS X 10_9_2) AppleWebKit/537.75.14 (KHTML, like Gecko) Version/7.0.3 Safari/537.75.14"
209.133.77.167 - - [21/Sep/2014:12:56:09 +0000] "GET /index.php?action=source&file=Doc/RealDeal/RD_Dashboard HTTP/1.1" 200 5805 "-" "Mozilla/5.0 (compatible; MSIE 9.0; Windows NT 6.1; WOW64; Trident/5.0)"
120.22.130.8 - - [21/Sep/2014:12:56:16 +0000] "GET /?action=demo HTTP/1.1" 200 1645 "-" "Mozilla/5.0 (Macintosh; Intel Mac OS X 10_9_2) AppleWebKit/537.75.14 (KHTML, like Gecko) Version/7.0.3 Safari/537.75.14"
120.22.130.8 - - [21/Sep/2014:12:56:20 +0000] "GET /index.php?action=source&file=Doc/core/form/agt/escrow/JAMS_Arbitration_Chicago HTTP/1.1" 200 1485 "http://www.commonaccord.org/index.php?action=source&file=Doc/event/escrow/Demo_Escrow_Step_1_Parties" "Mozilla/5.0 (Macintosh; Intel Mac OS X 10_9_2) AppleWebKit/537.75.14 (KHTML, like Gecko) Version/7.0.3 Safari/537.75.14"
120.22.130.8 - - [21/Sep/2014:12:56:31 +0000] "GET /index.php?action=source&file=Doc/event/escrow/Demo_Escrow_Step_1_Parties HTTP/1.1" 200 5337 "http://www.commonaccord.org/?action=demo" "Mozilla/5.0 (Macintosh; Intel Mac OS X 10_9_2) AppleWebKit/537.75.14 (KHTML, like Gecko) Version/7.0.3 Safari/537.75.14"
66.249.65.70 - - [21/Sep/2014:12:56:48 +0000] "GET /index.php?action=list&file=./.git/objects/78/ HTTP/1.1" 200 1239 "-" "Mozilla/5.0 (compatible; Googlebot/2.1; +http://www.google.com/bot.html)"
120.22.130.8 - - [21/Sep/2014:12:57:07 +0000] "GET /index.php?action=source&file=Doc/event/escrow/Demo_Escrow_Step_2_Order HTTP/1.1" 200 5277 "http://www.commonaccord.org/?action=demo" "Mozilla/5.0 (Macintosh; Intel Mac OS X 10_9_2) AppleWebKit/537.75.14 (KHTML, like Gecko) Version/7.0.3 Safari/537.75.14"
120.22.130.8 - - [21/Sep/2014:12:57:10 +0000] "GET /index.php?action=source&file=Doc/event/escrow/Demo_Escrow_Step_1_Parties HTTP/1.1" 200 5336 "http://www.commonaccord.org/?action=demo" "Mozilla/5.0 (Macintosh; Intel Mac OS X 10_9_2) AppleWebKit/537.75.14 (KHTML, like Gecko) Version/7.0.3 Safari/537.75.14"
120.22.130.8 - - [21/Sep/2014:12:58:51 +0000] "GET /index.php?action=source&file=Doc/event/escrow/Demo_Escrow_Step_2_Order HTTP/1.1" 200 5277 "http://www.commonaccord.org/?action=demo" "Mozilla/5.0 (Macintosh; Intel Mac OS X 10_9_2) AppleWebKit/537.75.14 (KHTML, like Gecko) Version/7.0.3 Safari/537.75.14"
37.58.100.145 - - [21/Sep/2014:12:59:08 +0000] "GET /index.php?action=list&file=Doc/core/at/USA/OR/ HTTP/1.1" 200 1080 "-" "Mozilla/5.0 (compatible; AhrefsBot/5.0; +http://ahrefs.com/robot/)"
37.58.100.154 - - [21/Sep/2014:12:59:16 +0000] "GET /index.php?action=source&file=Doc/about/test/Master_Services_Agreement_WorkSheet HTTP/1.1" 200 6196 "-" "Mozilla/5.0 (compatible; AhrefsBot/5.0; +http://ahrefs.com/robot/)"
66.249.65.66 - - [21/Sep/2014:12:59:30 +0000] "GET /index.php?action=list&file=./.git/objects/6d/ HTTP/1.1" 200 1242 "-" "Mozilla/5.0 (compatible; Googlebot/2.1; +http://www.google.com/bot.html)"
193.150.120.14 - - [21/Sep/2014:12:59:31 +0000] "GET / HTTP/1.1" 200 5194 "http://shadowfight2.ru/" "Mozilla/4.0 (compatible; MSIE 6.0; Windows NT 5.1; SV1; FunWebProducts)"
193.150.120.14 - - [21/Sep/2014:12:59:31 +0000] "GET / HTTP/1.1" 200 5194 "http://shadowfight2.ru/" "Mozilla/4.0 (compatible; MSIE 6.0; Windows NT 5.1; SV1; FunWebProducts)"
193.150.120.14 - - [21/Sep/2014:12:59:32 +0000] "GET / HTTP/1.1" 200 5194 "http://shadowfight2.ru/" "Mozilla/4.0 (compatible; MSIE 6.0; Windows NT 5.1; SV1; FunWebProducts)"
37.58.100.145 - - [21/Sep/2014:12:59:54 +0000] "GET /index.php?action=list&file=Doc/me/hubculture/ HTTP/1.1" 200 1075 "-" "Mozilla/5.0 (compatible; AhrefsBot/5.0; +http://ahrefs.com/robot/)"
66.249.65.93 - - [21/Sep/2014:13:02:15 +0000] "GET /index.php?action=list&file=Doc/core/at/USA/OR/ HTTP/1.1" 200 1136 "-" "Mozilla/5.0 (compatible; Googlebot/2.1; +http://www.google.com/bot.html)"
120.22.130.8 - - [21/Sep/2014:13:02:20 +0000] "GET /index.php?action=source&file=Doc/event/escrow/Demo_Escrow_Step_3_Signature HTTP/1.1" 200 5132 "http://www.commonaccord.org/?action=demo" "Mozilla/5.0 (Macintosh; Intel Mac OS X 10_9_2) AppleWebKit/537.75.14 (KHTML, like Gecko) Version/7.0.3 Safari/537.75.14"
120.22.130.8 - - [21/Sep/2014:13:02:31 +0000] "GET /index.php?action=source&file=Doc/event/escrow/Demo_Escrow_Step_2_Order HTTP/1.1" 200 5277 "http://www.commonaccord.org/?action=demo" "Mozilla/5.0 (Macintosh; Intel Mac OS X 10_9_2) AppleWebKit/537.75.14 (KHTML, like Gecko) Version/7.0.3 Safari/537.75.14"
120.22.130.8 - - [21/Sep/2014:13:02:52 +0000] "GET /index.php?action=source&file=Doc/core/form/agt/escrow/JAMS_Arbitration_Chicago HTTP/1.1" 200 1486 "http://www.commonaccord.org/?action=demo" "Mozilla/5.0 (Macintosh; Intel Mac OS X 10_9_2) AppleWebKit/537.75.14 (KHTML, like Gecko) Version/7.0.3 Safari/537.75.14"
120.22.130.8 - - [21/Sep/2014:13:03:09 +0000] "GET /index.php?action=source&file=Doc/event/escrow/Demo_Escrow_Step_1_Parties HTTP/1.1" 200 5337 "http://www.commonaccord.org/?action=demo" "Mozilla/5.0 (Macintosh; Intel Mac OS X 10_9_2) AppleWebKit/537.75.14 (KHTML, like Gecko) Version/7.0.3 Safari/537.75.14"
120.22.130.8 - - [21/Sep/2014:13:04:05 +0000] "GET /index.php?action=source&file=Doc/core/form/agt/escrow/JAMS_Arbitration_Chicago HTTP/1.1" 200 1486 "http://www.commonaccord.org/?action=demo" "Mozilla/5.0 (Macintosh; Intel Mac OS X 10_9_2) AppleWebKit/537.75.14 (KHTML, like Gecko) Version/7.0.3 Safari/537.75.14"
37.58.100.154 - - [21/Sep/2014:13:05:26 +0000] "GET /index.php?action=source&file=Doc/core/at/USA/MA/Middlesex/Cambridge/Geo HTTP/1.1" 200 1638 "-" "Mozilla/5.0 (compatible; AhrefsBot/5.0; +http://ahrefs.com/robot/)"
66.249.65.74 - - [21/Sep/2014:13:06:02 +0000] "GET /robots.txt HTTP/1.1" 404 504 "-" "Mozilla/5.0 (compatible; Googlebot/2.1; +http://www.google.com/bot.html)"
66.249.65.74 - - [21/Sep/2014:13:06:02 +0000] "GET /index.php?action=list&file=./.git/objects/34/ HTTP/1.1" 200 1408 "-" "Mozilla/5.0 (compatible; Googlebot/2.1; +http://www.google.com/bot.html)"
120.22.130.8 - - [21/Sep/2014:13:08:11 +0000] "GET /index.php?action=source&file=Doc/core/form/agt/escrow/JAMS_Arbitration_Chicago HTTP/1.1" 200 1486 "http://www.commonaccord.org/?action=demo" "Mozilla/5.0 (Macintosh; Intel Mac OS X 10_9_2) AppleWebKit/537.75.14 (KHTML, like Gecko) Version/7.0.3 Safari/537.75.14"
37.58.100.145 - - [21/Sep/2014:13:08:34 +0000] "GET /index.php?action=list&file=Doc/core/at/FR/Paris/ HTTP/1.1" 200 1076 "-" "Mozilla/5.0 (compatible; AhrefsBot/5.0; +http://ahrefs.com/robot/)"
66.249.65.66 - - [21/Sep/2014:13:08:53 +0000] "GET /index.php?action=list&file=./.git/objects/65/ HTTP/1.1" 200 1206 "-" "Mozilla/5.0 (compatible; Googlebot/2.1; +http://www.google.com/bot.html)"
120.22.130.8 - - [21/Sep/2014:13:10:02 +0000] "GET /index.php?action=source&file=Doc/event/escrow/Demo_Escrow_Step_2_Order HTTP/1.1" 200 5277 "http://www.commonaccord.org/?action=demo" "Mozilla/5.0 (Macintosh; Intel Mac OS X 10_9_2) AppleWebKit/537.75.14 (KHTML, like Gecko) Version/7.0.3 Safari/537.75.14"
37.58.100.145 - - [21/Sep/2014:13:11:34 +0000] "GET /index.php?action=source&file=Doc/about/tour/Startup HTTP/1.1" 200 1343 "-" "Mozilla/5.0 (compatible; AhrefsBot/5.0; +http://ahrefs.com/robot/)"
66.249.65.66 - - [21/Sep/2014:13:12:06 +0000] "GET /index.php?action=list&file=./.git/objects/7a/ HTTP/1.1" 200 1277 "-" "Mozilla/5.0 (compatible; Googlebot/2.1; +http://www.google.com/bot.html)"
120.22.130.8 - - [21/Sep/2014:13:13:09 +0000] "GET /index.php?action=source&file=Doc/event/escrow/Demo_Escrow_Step_3_Signature HTTP/1.1" 200 5132 "http://www.commonaccord.org/?action=demo" "Mozilla/5.0 (Macintosh; Intel Mac OS X 10_9_2) AppleWebKit/537.75.14 (KHTML, like Gecko) Version/7.0.3 Safari/537.75.14"
198.27.74.223 - - [21/Sep/2014:13:13:50 +0000] "GET /commonaccord/index.php?action=..%2F..%2F..%2F..%2F..%2F..%2F..%2F..%2F..%2F..%2F..%2F..%2F..%2F..%2F..%2F..%2F..%2Fetc%2Fpasswd HTTP/1.1" 404 505 "-" "Mozilla/5.0 (Macintosh; U; Intel Mac OS X 10.6; en-US; rv:1.9.2.7) Gecko/20100713 Firefox/3.6.7"
198.27.74.223 - - [21/Sep/2014:13:13:50 +0000] "POST /commonaccord/index.php HTTP/1.1" 404 505 "-" "Mozilla/5.0 (Macintosh; U; Intel Mac OS X 10.6; en-US; rv:1.9.2.7) Gecko/20100713 Firefox/3.6.7"
198.27.74.223 - - [21/Sep/2014:13:13:50 +0000] "GET /commonaccord/index.php?action=..%2F..%2F..%2F..%2F..%2F..%2F..%2F..%2F..%2F..%2F..%2F..%2F..%2F..%2F..%2F..%2F..%2Fetc%2Fpasswd%00 HTTP/1.1" 404 505 "-" "Mozilla/5.0 (Macintosh; U; Intel Mac OS X 10.6; en-US; rv:1.9.2.7) Gecko/20100713 Firefox/3.6.7"
198.27.74.223 - - [21/Sep/2014:13:13:51 +0000] "POST /commonaccord/index.php HTTP/1.1" 404 505 "-" "Mozilla/5.0 (Macintosh; U; Intel Mac OS X 10.6; en-US; rv:1.9.2.7) Gecko/20100713 Firefox/3.6.7"
46.118.117.154 - - [21/Sep/2014:13:14:32 +0000] "GET / HTTP/1.1" 200 5194 "http://flex4launch.ru/" "Mozilla/4.0 (compatible; MSIE 6.0; Windows NT 5.1; SV1; .NET CLR 1.1.4322) NS8/0.9.6"
46.118.117.154 - - [21/Sep/2014:13:14:32 +0000] "GET / HTTP/1.1" 200 5194 "http://flex4launch.ru/" "Mozilla/4.0 (compatible; MSIE 6.0; Windows NT 5.1; SV1; .NET CLR 1.1.4322) NS8/0.9.6"
46.118.117.154 - - [21/Sep/2014:13:14:33 +0000] "GET / HTTP/1.1" 200 5194 "http://flex4launch.ru/" "Mozilla/4.0 (compatible; MSIE 6.0; Windows NT 5.1; SV1; .NET CLR 1.1.4322) NS8/0.9.6"
66.249.65.70 - - [21/Sep/2014:13:15:43 +0000] "GET /index.php?action=list&file=./.git/objects/7e/ HTTP/1.1" 200 1166 "-" "Mozilla/5.0 (compatible; Googlebot/2.1; +http://www.google.com/bot.html)"
66.249.65.74 - - [21/Sep/2014:13:18:22 +0000] "GET /index.php?action=list&file=./.git/objects/84/ HTTP/1.1" 200 1342 "-" "Mozilla/5.0 (compatible; Googlebot/2.1; +http://www.google.com/bot.html)"
37.58.100.145 - - [21/Sep/2014:13:19:43 +0000] "GET /index.php?action=list&file=Doc/core/at/USA/MA/ HTTP/1.1" 200 1121 "-" "Mozilla/5.0 (compatible; AhrefsBot/5.0; +http://ahrefs.com/robot/)"
37.58.100.154 - - [21/Sep/2014:13:19:44 +0000] "GET /index.php?action=list&file=Doc/core/at/UK/London/ HTTP/1.1" 200 1083 "-" "Mozilla/5.0 (compatible; AhrefsBot/5.0; +http://ahrefs.com/robot/)"
37.58.100.145 - - [21/Sep/2014:13:20:46 +0000] "GET /index.php?action=list&file=Doc/core/at/USA/CA/ HTTP/1.1" 200 1136 "-" "Mozilla/5.0 (compatible; AhrefsBot/5.0; +http://ahrefs.com/robot/)"
66.249.65.85 - - [21/Sep/2014:13:21:01 +0000] "GET /index.php?action=list&file=Doc/core/at/USA/MA/ HTTP/1.1" 200 1177 "-" "Mozilla/5.0 (compatible; Googlebot/2.1; +http://www.google.com/bot.html)"
37.58.100.154 - - [21/Sep/2014:13:22:07 +0000] "GET /index.php?action=source&file=Doc/core/form/agt/nda/Delta_MIT_TLO_Outbound HTTP/1.1" 200 1927 "-" "Mozilla/5.0 (compatible; AhrefsBot/5.0; +http://ahrefs.com/robot/)"
37.58.100.154 - - [21/Sep/2014:13:23:13 +0000] "GET /index.php?action=list&file=Doc/me/hyperbios/ HTTP/1.1" 200 1090 "-" "Mozilla/5.0 (compatible; AhrefsBot/5.0; +http://ahrefs.com/robot/)"
98.113.103.189 - - [21/Sep/2014:13:23:49 +0000] "GET / HTTP/1.1" 200 2249 "http://commonaccord.org/index.php?action=source&file=Doc/Acme/IDs/Solomon_Shirley" "Mozilla/5.0 (Macintosh; Intel Mac OS X 10_9_4) AppleWebKit/537.36 (KHTML, like Gecko) Chrome/37.0.2062.122 Safari/537.36"
98.113.103.189 - - [21/Sep/2014:13:23:49 +0000] "GET /assets/learn.jpg HTTP/1.1" 200 19430 "http://commonaccord.org/" "Mozilla/5.0 (Macintosh; Intel Mac OS X 10_9_4) AppleWebKit/537.36 (KHTML, like Gecko) Chrome/37.0.2062.122 Safari/537.36"
98.113.103.189 - - [21/Sep/2014:13:23:49 +0000] "GET /assets/more.png HTTP/1.1" 200 18810 "http://commonaccord.org/" "Mozilla/5.0 (Macintosh; Intel Mac OS X 10_9_4) AppleWebKit/537.36 (KHTML, like Gecko) Chrome/37.0.2062.122 Safari/537.36"
66.249.65.93 - - [21/Sep/2014:13:24:49 +0000] "GET /index.php?action=list&file=Doc/core/at/USA/TX/ HTTP/1.1" 200 1160 "-" "Mozilla/5.0 (compatible; Googlebot/2.1; +http://www.google.com/bot.html)"
66.249.65.89 - - [21/Sep/2014:13:27:28 +0000] "GET /index.php?action=list&file=Doc/core/at/USA/NY/ HTTP/1.1" 200 1183 "-" "Mozilla/5.0 (compatible; Googlebot/2.1; +http://www.google.com/bot.html)"
