66.249.65.66 - - [21/Sep/2014:06:26:57 +0000] "GET /index.php?action=source&file=./Doc/me/hyperbios/v02/System_Rules HTTP/1.1" 200 12867 "-" "Mozilla/5.0 (compatible; Googlebot/2.1; +http://www.google.com/bot.html)"
66.249.65.85 - - [21/Sep/2014:06:27:05 +0000] "GET /index.php?action=explore HTTP/1.1" 200 2129 "-" "Mozilla/5.0 (compatible; Googlebot/2.1; +http://www.google.com/bot.html)"
46.118.117.154 - - [21/Sep/2014:06:28:08 +0000] "GET / HTTP/1.1" 200 5194 "http://pornboobsy.com/" "Mozilla/4.0 (compatible; MSIE 6.0; Windows NT 5.1; SV1; .NET CLR 1.1.4322) NS8/0.9.6"
46.118.117.154 - - [21/Sep/2014:06:28:08 +0000] "GET / HTTP/1.1" 200 5194 "http://pornboobsy.com/" "Mozilla/4.0 (compatible; MSIE 6.0; Windows NT 5.1; SV1; .NET CLR 1.1.4322) NS8/0.9.6"
46.118.117.154 - - [21/Sep/2014:06:28:09 +0000] "GET / HTTP/1.1" 200 5194 "http://pornboobsy.com/" "Mozilla/4.0 (compatible; MSIE 6.0; Windows NT 5.1; SV1; .NET CLR 1.1.4322) NS8/0.9.6"
66.249.65.89 - - [21/Sep/2014:06:29:36 +0000] "GET /index.php?action=list&file=Doc/core/re/patent/ HTTP/1.1" 200 1124 "-" "Mozilla/5.0 (compatible; Googlebot/2.1; +http://www.google.com/bot.html)"
37.58.100.148 - - [21/Sep/2014:06:31:00 +0000] "GET /index.php?action=list&file=Doc/core/form/litigation/ HTTP/1.1" 200 1104 "-" "Mozilla/5.0 (compatible; AhrefsBot/5.0; +http://ahrefs.com/robot/)"
66.249.65.74 - - [21/Sep/2014:06:32:42 +0000] "GET /index.php?action=source&file=./Doc/me/hyperbios/v01/system_rules HTTP/1.1" 200 23993 "-" "Mozilla/5.0 (compatible; Googlebot/2.1; +http://www.google.com/bot.html)"
66.249.65.93 - - [21/Sep/2014:06:36:03 +0000] "GET /index.php?action=source&file=Doc/core/ids/quake HTTP/1.1" 200 2134 "-" "Mozilla/5.0 (compatible; Googlebot/2.1; +http://www.google.com/bot.html)"
37.58.100.93 - - [21/Sep/2014:06:39:27 +0000] "GET /index.php?action=source&file=Doc/core/id/acme_incorporated HTTP/1.1" 200 2119 "-" "Mozilla/5.0 (compatible; AhrefsBot/5.0; +http://ahrefs.com/robot/)"
66.249.65.93 - - [21/Sep/2014:06:39:50 +0000] "GET /index.php?action=list&file=Doc/core/gov/permit/ HTTP/1.1" 200 1140 "-" "Mozilla/5.0 (compatible; Googlebot/2.1; +http://www.google.com/bot.html)"
178.137.87.105 - - [21/Sep/2014:06:40:33 +0000] "GET / HTTP/1.1" 200 5194 "http://vzlom-pochty-na-zakaz.biz/" "Mozilla/4.0 (compatible; MSIE 6.0; America Online Browser 1.1; rev1.2; Windows NT 5.1; SV1; .NET CLR 1.1.4322)"
178.137.87.105 - - [21/Sep/2014:06:40:33 +0000] "GET / HTTP/1.1" 200 5194 "http://vzlom-pochty-na-zakaz.biz/" "Mozilla/4.0 (compatible; MSIE 6.0; America Online Browser 1.1; rev1.2; Windows NT 5.1; SV1; .NET CLR 1.1.4322)"
178.137.87.105 - - [21/Sep/2014:06:40:34 +0000] "GET / HTTP/1.1" 200 5194 "http://vzlom-pochty-na-zakaz.biz/" "Mozilla/4.0 (compatible; MSIE 6.0; America Online Browser 1.1; rev1.2; Windows NT 5.1; SV1; .NET CLR 1.1.4322)"
66.249.65.74 - - [21/Sep/2014:06:42:31 +0000] "GET /index.php?action=list&file=./Doc/core/form/litigation/settlement/ HTTP/1.1" 200 1211 "-" "Mozilla/5.0 (compatible; Googlebot/2.1; +http://www.google.com/bot.html)"
37.58.100.164 - - [21/Sep/2014:06:43:26 +0000] "GET /index.php?action=source&file=Doc/core/id/colleen_kendall HTTP/1.1" 200 1837 "-" "Mozilla/5.0 (compatible; AhrefsBot/5.0; +http://ahrefs.com/robot/)"
66.249.65.70 - - [21/Sep/2014:06:46:18 +0000] "GET /index.php?action=source&file=./Doc/me/hyperbios/v01A/System_Rules HTTP/1.1" 200 18045 "-" "Mozilla/5.0 (compatible; Googlebot/2.1; +http://www.google.com/bot.html)"
37.58.100.148 - - [21/Sep/2014:06:47:11 +0000] "GET /index.php?action=source&file=Doc/core/ids/mit HTTP/1.1" 200 2089 "-" "Mozilla/5.0 (compatible; AhrefsBot/5.0; +http://ahrefs.com/robot/)"
66.249.65.70 - - [21/Sep/2014:06:48:03 +0000] "GET /assets/custom.css HTTP/1.1" 200 1194 "http://commonaccord.org/index.php?action=list&file=./Doc/core/form/litigation/settlement/" "Mozilla/5.0 (compatible; Googlebot/2.1; +http://www.google.com/bot.html)"
66.249.65.93 - - [21/Sep/2014:06:48:57 +0000] "GET /index.php?action=list&file=Doc/event/startup/yc/ HTTP/1.1" 200 1212 "-" "Mozilla/5.0 (compatible; Googlebot/2.1; +http://www.google.com/bot.html)"
37.58.100.68 - - [21/Sep/2014:06:50:43 +0000] "GET /index.php?action=source&file=Doc/core/id/dazzagreenwood HTTP/1.1" 200 1936 "-" "Mozilla/5.0 (compatible; AhrefsBot/5.0; +http://ahrefs.com/robot/)"
66.249.65.93 - - [21/Sep/2014:06:52:05 +0000] "GET /index.php?action=list&file=Doc/event/startup/500/ HTTP/1.1" 200 1168 "-" "Mozilla/5.0 (compatible; Googlebot/2.1; +http://www.google.com/bot.html)"
66.249.65.66 - - [21/Sep/2014:06:55:24 +0000] "GET /index.php?action=list&file=./Doc/core/form/checklist/personalInfo/ HTTP/1.1" 200 1204 "-" "Mozilla/5.0 (compatible; Googlebot/2.1; +http://www.google.com/bot.html)"
66.249.65.89 - - [21/Sep/2014:06:58:03 +0000] "GET /index.php?action=source&file=Doc/core/ids/hazardj HTTP/1.1" 200 2127 "-" "Mozilla/5.0 (compatible; Googlebot/2.1; +http://www.google.com/bot.html)"
37.58.100.66 - - [21/Sep/2014:07:00:35 +0000] "GET /index.php?action=source&file=Doc/core/id/nih HTTP/1.1" 200 1896 "-" "Mozilla/5.0 (compatible; AhrefsBot/5.0; +http://ahrefs.com/robot/)"
66.249.65.66 - - [21/Sep/2014:07:01:51 +0000] "GET /index.php?action=source&file=./Doc/event/startup/500/KISS_Demo_1_Debt HTTP/1.1" 200 11324 "-" "Mozilla/5.0 (compatible; Googlebot/2.1; +http://www.google.com/bot.html)"
66.249.65.85 - - [21/Sep/2014:07:04:31 +0000] "GET /index.php?action=list&file=Doc/event/startup/nvca/ HTTP/1.1" 200 1150 "-" "Mozilla/5.0 (compatible; Googlebot/2.1; +http://www.google.com/bot.html)"
204.28.124.82 - - [21/Sep/2014:07:06:02 +0000] "GET /?work=wrok-2 HTTP/1.1" 200 2249 "http://cointelegraph.com/news/112034/mitigating-the-legal-risks-of-issuing-securities-on-a-cryptoledger" "Mozilla/5.0 (Macintosh; Intel Mac OS X 10_9_4) AppleWebKit/537.36 (KHTML, like Gecko) Chrome/37.0.2062.120 Safari/537.36"
204.28.124.82 - - [21/Sep/2014:07:06:03 +0000] "GET /assets/custom.css HTTP/1.1" 200 1193 "http://www.commonaccord.org/?work=wrok-2" "Mozilla/5.0 (Macintosh; Intel Mac OS X 10_9_4) AppleWebKit/537.36 (KHTML, like Gecko) Chrome/37.0.2062.120 Safari/537.36"
204.28.124.82 - - [21/Sep/2014:07:06:03 +0000] "GET /assets/cmacc-w.png HTTP/1.1" 200 7350 "http://www.commonaccord.org/?work=wrok-2" "Mozilla/5.0 (Macintosh; Intel Mac OS X 10_9_4) AppleWebKit/537.36 (KHTML, like Gecko) Chrome/37.0.2062.120 Safari/537.36"
204.28.124.82 - - [21/Sep/2014:07:06:03 +0000] "GET /assets/more.png HTTP/1.1" 200 18809 "http://www.commonaccord.org/?work=wrok-2" "Mozilla/5.0 (Macintosh; Intel Mac OS X 10_9_4) AppleWebKit/537.36 (KHTML, like Gecko) Chrome/37.0.2062.120 Safari/537.36"
204.28.124.82 - - [21/Sep/2014:07:06:03 +0000] "GET /assets/learn.jpg HTTP/1.1" 200 19431 "http://www.commonaccord.org/?work=wrok-2" "Mozilla/5.0 (Macintosh; Intel Mac OS X 10_9_4) AppleWebKit/537.36 (KHTML, like Gecko) Chrome/37.0.2062.120 Safari/537.36"
204.28.124.82 - - [21/Sep/2014:07:06:03 +0000] "GET /assets/cc.png HTTP/1.1" 200 21102 "http://www.commonaccord.org/?work=wrok-2" "Mozilla/5.0 (Macintosh; Intel Mac OS X 10_9_4) AppleWebKit/537.36 (KHTML, like Gecko) Chrome/37.0.2062.120 Safari/537.36"
204.28.124.82 - - [21/Sep/2014:07:06:03 +0000] "GET /assets/cmacc-trans.png HTTP/1.1" 200 56207 "http://www.commonaccord.org/?work=wrok-2" "Mozilla/5.0 (Macintosh; Intel Mac OS X 10_9_4) AppleWebKit/537.36 (KHTML, like Gecko) Chrome/37.0.2062.120 Safari/537.36"
204.28.124.82 - - [21/Sep/2014:07:06:04 +0000] "GET /favicon.ico HTTP/1.1" 404 506 "-" "Mozilla/5.0 (Macintosh; Intel Mac OS X 10_9_4) AppleWebKit/537.36 (KHTML, like Gecko) Chrome/37.0.2062.120 Safari/537.36"
37.58.100.148 - - [21/Sep/2014:07:06:11 +0000] "GET /index.php?action=list&file=Doc/about/us/ HTTP/1.1" 200 1075 "-" "Mozilla/5.0 (compatible; AhrefsBot/5.0; +http://ahrefs.com/robot/)"
66.249.65.93 - - [21/Sep/2014:07:07:15 +0000] "GET /index.php?action=list&file=Doc/event/ip/assignment/ HTTP/1.1" 200 1142 "-" "Mozilla/5.0 (compatible; Googlebot/2.1; +http://www.google.com/bot.html)"
66.249.65.66 - - [21/Sep/2014:07:11:02 +0000] "GET /index.php?action=source&file=./Doc/me/hyperbios/v02/System_Rules_Knit HTTP/1.1" 200 10949 "-" "Mozilla/5.0 (compatible; Googlebot/2.1; +http://www.google.com/bot.html)"
66.249.65.70 - - [21/Sep/2014:07:13:52 +0000] "GET /index.php?action=source&file=./Doc/event/startup/yc/SeriesAA_Demo_1_d01 HTTP/1.1" 200 30502 "-" "Mozilla/5.0 (compatible; Googlebot/2.1; +http://www.google.com/bot.html)"
117.27.138.181 - - [21/Sep/2014:07:15:34 +0000] "HEAD /fckeditor/editor/filemanager/connectors/php/upload.php HTTP/1.1" 404 219 "-" "-"
117.27.138.181 - - [21/Sep/2014:07:15:35 +0000] "HEAD /fckeditor/editor/filemanager/upload/aspx/upload.aspx HTTP/1.1" 404 163 "-" "-"
117.27.138.181 - - [21/Sep/2014:07:15:36 +0000] "HEAD /fckeditor/editor/filemanager/upload/asp/upload.asp HTTP/1.1" 404 163 "-" "-"
117.27.138.181 - - [21/Sep/2014:07:15:36 +0000] "HEAD /fckeditor/editor/filemanager/upload/php/upload.php HTTP/1.1" 404 163 "-" "-"
117.27.138.181 - - [21/Sep/2014:07:15:37 +0000] "HEAD /fckeditor/editor/filemanager/connectors/aspx/connector.aspx HTTP/1.1" 404 163 "-" "-"
117.27.138.181 - - [21/Sep/2014:07:15:37 +0000] "HEAD /fckeditor/editor/filemanager/connectors/asp/connector.asp HTTP/1.1" 404 163 "-" "-"
117.27.138.181 - - [21/Sep/2014:07:15:38 +0000] "HEAD /fckeditor/editor/filemanager/connectors/php/connector.php HTTP/1.1" 404 163 "-" "-"
117.27.138.181 - - [21/Sep/2014:07:15:38 +0000] "HEAD /fckeditor/editor/filemanager/browser/default/connectors/asp/connector.asp HTTP/1.1" 404 163 "-" "-"
117.27.138.181 - - [21/Sep/2014:07:15:39 +0000] "HEAD /fckeditor/editor/filemanager/browser/default/connectors/php/connector.php HTTP/1.1" 404 163 "-" "-"
117.27.138.181 - - [21/Sep/2014:07:15:39 +0000] "HEAD /fckeditor/editor/filemanager/browser/default/connectors/aspx/connector.aspx HTTP/1.1" 404 163 "-" "-"
117.27.138.181 - - [21/Sep/2014:07:15:40 +0000] "HEAD /includes/fckeditor/editor/filemanager/browser/default/connectors/aspx/connector.aspx HTTP/1.1" 404 163 "-" "-"
117.27.138.181 - - [21/Sep/2014:07:15:40 +0000] "HEAD /includes/fckeditor/editor/filemanager/connectors/aspx/upload.aspx HTTP/1.1" 404 163 "-" "-"
117.27.138.181 - - [21/Sep/2014:07:15:41 +0000] "HEAD /includes/fckeditor/editor/filemanager/connectors/asp/upload.asp HTTP/1.1" 404 163 "-" "-"
117.27.138.181 - - [21/Sep/2014:07:15:41 +0000] "HEAD /includes/fckeditor/editor/filemanager/connectors/php/upload.php HTTP/1.1" 404 163 "-" "-"
117.27.138.181 - - [21/Sep/2014:07:15:41 +0000] "HEAD /includes/fckeditor/editor/filemanager/upload/aspx/upload.aspx HTTP/1.1" 404 163 "-" "-"
117.27.138.181 - - [21/Sep/2014:07:15:42 +0000] "HEAD /includes/fckeditor/editor/filemanager/upload/asp/upload.asp HTTP/1.1" 404 163 "-" "-"
117.27.138.181 - - [21/Sep/2014:07:15:42 +0000] "HEAD /includes/fckeditor/editor/filemanager/upload/php/upload.php HTTP/1.1" 404 163 "-" "-"
117.27.138.181 - - [21/Sep/2014:07:15:43 +0000] "HEAD /includes/fckeditor/editor/filemanager/connectors/aspx/connector.aspx HTTP/1.1" 404 163 "-" "-"
117.27.138.181 - - [21/Sep/2014:07:15:44 +0000] "HEAD /includes/fckeditor/editor/filemanager/connectors/asp/connector.asp HTTP/1.1" 404 163 "-" "-"
117.27.138.181 - - [21/Sep/2014:07:15:44 +0000] "HEAD /includes/fckeditor/editor/filemanager/connectors/php/connector.php HTTP/1.1" 404 163 "-" "-"
117.27.138.181 - - [21/Sep/2014:07:15:45 +0000] "HEAD /includes/fckeditor/editor/filemanager/browser/default/connectors/asp/connector.asp HTTP/1.1" 404 163 "-" "-"
117.27.138.181 - - [21/Sep/2014:07:15:45 +0000] "HEAD /includes/fckeditor/editor/filemanager/browser/default/connectors/php/connector.php HTTP/1.1" 404 163 "-" "-"
117.27.138.181 - - [21/Sep/2014:07:15:46 +0000] "HEAD /admin/fckeditor/editor/filemanager/browser/default/connectors/aspx/connector.aspx HTTP/1.1" 404 163 "-" "-"
117.27.138.181 - - [21/Sep/2014:07:15:46 +0000] "HEAD /admin/fckeditor/editor/filemanager/browser/default/connectors/asp/connector.asp HTTP/1.1" 404 163 "-" "-"
117.27.138.181 - - [21/Sep/2014:07:15:47 +0000] "HEAD /admin/fckeditor/editor/filemanager/browser/default/connectors/php/connector.php HTTP/1.1" 404 163 "-" "-"
117.27.138.181 - - [21/Sep/2014:07:15:47 +0000] "HEAD /admin/fckeditor/editor/filemanager/connectors/aspx/connector.aspx HTTP/1.1" 404 163 "-" "-"
117.27.138.181 - - [21/Sep/2014:07:15:48 +0000] "HEAD /admin/fckeditor/editor/filemanager/connectors/asp/connector.asp HTTP/1.1" 404 163 "-" "-"
117.27.138.181 - - [21/Sep/2014:07:15:48 +0000] "HEAD /admin/fckeditor/editor/filemanager/connectors/php/connector.php HTTP/1.1" 404 163 "-" "-"
117.27.138.181 - - [21/Sep/2014:07:15:49 +0000] "HEAD /admin/fckeditor/editor/filemanager/connectors/aspx/upload.aspx HTTP/1.1" 404 163 "-" "-"
117.27.138.181 - - [21/Sep/2014:07:15:49 +0000] "HEAD /admin/fckeditor/editor/filemanager/connectors/asp/upload.asp HTTP/1.1" 404 163 "-" "-"
117.27.138.181 - - [21/Sep/2014:07:15:50 +0000] "HEAD /admin/fckeditor/editor/filemanager/connectors/php/upload.php HTTP/1.1" 404 163 "-" "-"
117.27.138.181 - - [21/Sep/2014:07:15:50 +0000] "HEAD /admin/fckeditor/editor/filemanager/upload/aspx/upload.aspx HTTP/1.1" 404 163 "-" "-"
117.27.138.181 - - [21/Sep/2014:07:15:51 +0000] "HEAD /admin/fckeditor/editor/filemanager/upload/asp/upload.asp HTTP/1.1" 404 163 "-" "-"
117.27.138.181 - - [21/Sep/2014:07:15:51 +0000] "HEAD /admin/fckeditor/editor/filemanager/upload/php/upload.php HTTP/1.1" 404 163 "-" "-"
117.27.138.181 - - [21/Sep/2014:07:15:52 +0000] "HEAD /ckeditor/ckfinder/core/connector/asp/connector.asp HTTP/1.1" 404 163 "-" "-"
117.27.138.181 - - [21/Sep/2014:07:15:52 +0000] "HEAD /ckeditor/ckfinder/core/connector/php/connector.php HTTP/1.1" 404 163 "-" "-"
117.27.138.181 - - [21/Sep/2014:07:15:52 +0000] "HEAD /ckeditor/ckfinder/core/connector/aspx/connector.aspx HTTP/1.1" 404 163 "-" "-"
117.27.138.181 - - [21/Sep/2014:07:15:53 +0000] "HEAD /kcfinder/browse.php HTTP/1.1" 404 163 "-" "-"
117.27.138.181 - - [21/Sep/2014:07:15:53 +0000] "GET / HTTP/1.1" 200 5194 "-" "-"
117.27.138.181 - - [21/Sep/2014:07:15:54 +0000] "GET /xmlrpc.php HTTP/1.1" 404 478 "-" "-"
117.27.138.181 - - [21/Sep/2014:07:15:54 +0000] "GET /wp-login.php HTTP/1.1" 404 480 "-" "-"
117.27.138.181 - - [21/Sep/2014:07:15:55 +0000] "GET /wp-content/themes/twentyten/images/wordpress.png HTTP/1.1" 404 516 "-" "-"
117.27.138.181 - - [21/Sep/2014:07:15:55 +0000] "GET /wp-admin/images/wp-logo-2x.png HTTP/1.1" 404 498 "-" "-"
117.27.138.181 - - [21/Sep/2014:07:15:56 +0000] "GET /wp-admin/js/media-upload.dev.js HTTP/1.1" 404 499 "-" "-"
117.27.138.181 - - [21/Sep/2014:07:15:56 +0000] "GET /license.txt HTTP/1.1" 404 479 "-" "-"
117.27.138.181 - - [21/Sep/2014:07:15:57 +0000] "GET /robots.txt HTTP/1.1" 404 478 "-" "-"
66.249.65.70 - - [21/Sep/2014:07:17:06 +0000] "GET /index.php?action=source&file=./Doc/event/startup/nvca/NVCA_Acme_SeriesA HTTP/1.1" 200 11527 "-" "Mozilla/5.0 (compatible; Googlebot/2.1; +http://www.google.com/bot.html)"
37.58.100.93 - - [21/Sep/2014:07:18:56 +0000] "GET /index.php?action=source&file=Doc/event/mit/MIT_NDA_Demo_2_Inbound HTTP/1.1" 200 4778 "-" "Mozilla/5.0 (compatible; AhrefsBot/5.0; +http://ahrefs.com/robot/)"
66.249.65.93 - - [21/Sep/2014:07:20:36 +0000] "GET /robots.txt HTTP/1.1" 404 507 "-" "Mozilla/5.0 (compatible; Googlebot/2.1; +http://www.google.com/bot.html)"
66.249.65.93 - - [21/Sep/2014:07:20:36 +0000] "GET /index.php?action=source&file=Doc/core/ids/mit_quake HTTP/1.1" 200 2366 "-" "Mozilla/5.0 (compatible; Googlebot/2.1; +http://www.google.com/bot.html)"
66.249.65.93 - - [21/Sep/2014:07:21:20 +0000] "GET /index.php?action=demo HTTP/1.1" 200 1645 "-" "Mozilla/5.0 (compatible; Googlebot/2.1; +http://www.google.com/bot.html)"
66.249.65.66 - - [21/Sep/2014:07:22:01 +0000] "GET /index.php?action=source&file=Doc/core/ids/mitre_openid HTTP/1.1" 200 1958 "-" "Mozilla/5.0 (compatible; Googlebot/2.1; +http://www.google.com/bot.html)"
66.249.65.85 - - [21/Sep/2014:07:22:06 +0000] "GET / HTTP/1.1" 200 2249 "-" "Mozilla/5.0 (compatible; Googlebot/2.1; +http://www.google.com/bot.html)"
66.249.65.66 - - [21/Sep/2014:07:22:07 +0000] "GET /index.php?action=source&file=./Doc/event/startup/500/KISS_Demo_2_Equity HTTP/1.1" 200 10733 "-" "Mozilla/5.0 (compatible; Googlebot/2.1; +http://www.google.com/bot.html)"
157.55.39.95 - - [21/Sep/2014:07:22:21 +0000] "GET / HTTP/1.1" 200 2249 "-" "Mozilla/5.0 (compatible; bingbot/2.0; +http://www.bing.com/bingbot.htm)"
66.249.65.93 - - [21/Sep/2014:07:25:54 +0000] "GET /index.php?action=list&file=Doc/core/form/checklist/ HTTP/1.1" 200 1138 "-" "Mozilla/5.0 (compatible; Googlebot/2.1; +http://www.google.com/bot.html)"
37.58.100.66 - - [21/Sep/2014:07:26:52 +0000] "GET /index.php?action=source&file=Doc/event/mit/A_Doc_List HTTP/1.1" 200 12614 "-" "Mozilla/5.0 (compatible; AhrefsBot/5.0; +http://ahrefs.com/robot/)"
66.249.65.93 - - [21/Sep/2014:07:29:41 +0000] "GET /index.php?action=list&file=Doc/core/gov/uniformlaws/ HTTP/1.1" 200 1186 "-" "Mozilla/5.0 (compatible; Googlebot/2.1; +http://www.google.com/bot.html)"
66.249.65.89 - - [21/Sep/2014:07:32:21 +0000] "GET /index.php?action=list&file=Doc/core/form/litigation/ HTTP/1.1" 200 1160 "-" "Mozilla/5.0 (compatible; Googlebot/2.1; +http://www.google.com/bot.html)"
66.249.65.74 - - [21/Sep/2014:07:36:08 +0000] "GET /index.php?action=source&file=./Doc/event/startup/yc/SAFE_AGT_Demo_MFN_1 HTTP/1.1" 200 7326 "-" "Mozilla/5.0 (compatible; Googlebot/2.1; +http://www.google.com/bot.html)"
37.58.100.93 - - [21/Sep/2014:07:38:11 +0000] "GET /index.php?action=source&file=Doc/core/at/USA/NY/Ulster/Woodstock/Geo HTTP/1.1" 200 1657 "-" "Mozilla/5.0 (compatible; AhrefsBot/5.0; +http://ahrefs.com/robot/)"
66.249.65.70 - - [21/Sep/2014:07:38:47 +0000] "GET /index.php?action=list&file=./Doc/core/gov/permit/food_truck_application/ HTTP/1.1" 200 1155 "-" "Mozilla/5.0 (compatible; Googlebot/2.1; +http://www.google.com/bot.html)"
66.249.65.93 - - [21/Sep/2014:07:42:06 +0000] "GET /index.php?action=source&file=Doc/about/Personal_Data HTTP/1.1" 200 6925 "-" "Mozilla/5.0 (compatible; Googlebot/2.1; +http://www.google.com/bot.html)"
66.249.65.70 - - [21/Sep/2014:07:45:14 +0000] "GET /index.php?action=source&file=./Doc/me/hyperbios/v02/Participation_Agreement_1 HTTP/1.1" 200 9420 "-" "Mozilla/5.0 (compatible; Googlebot/2.1; +http://www.google.com/bot.html)"
66.249.65.66 - - [21/Sep/2014:07:47:53 +0000] "GET /index.php?action=source&file=./Doc/event/ip/assignment/Patent_Assignment_Acme HTTP/1.1" 200 2846 "-" "Mozilla/5.0 (compatible; Googlebot/2.1; +http://www.google.com/bot.html)"
37.58.100.228 - - [21/Sep/2014:07:51:15 +0000] "GET /index.php?action=source&file=Doc/core/id/tanya_taylor HTTP/1.1" 200 1870 "-" "Mozilla/5.0 (compatible; AhrefsBot/5.0; +http://ahrefs.com/robot/)"
66.249.65.74 - - [21/Sep/2014:07:51:40 +0000] "GET /index.php?action=source&file=./Doc/me/hyperbios/v01/participation_agreement_1 HTTP/1.1" 200 4708 "-" "Mozilla/5.0 (compatible; Googlebot/2.1; +http://www.google.com/bot.html)"
66.249.65.85 - - [21/Sep/2014:07:54:20 +0000] "GET /index.php?action=source&file=Doc/event/mit/A_Doc_List HTTP/1.1" 200 12670 "-" "Mozilla/5.0 (compatible; Googlebot/2.1; +http://www.google.com/bot.html)"
66.249.65.70 - - [21/Sep/2014:07:57:05 +0000] "GET /index.php?action=source&file=./Doc/me/hyperbios/v01/system_rules_with_attachments HTTP/1.1" 200 5094 "-" "Mozilla/5.0 (compatible; Googlebot/2.1; +http://www.google.com/bot.html)"
37.58.100.66 - - [21/Sep/2014:07:59:42 +0000] "GET /index.php?action=source&file=Doc/event/mit/MIT_NDA_Demo_1_Mutual HTTP/1.1" 200 5127 "-" "Mozilla/5.0 (compatible; AhrefsBot/5.0; +http://ahrefs.com/robot/)"
66.249.65.70 - - [21/Sep/2014:08:00:48 +0000] "GET /index.php?action=source&file=./Doc/event/startup/yc/SAFE_AGT_Demo_Cap_NoDiscount_1_d03 HTTP/1.1" 200 7862 "-" "Mozilla/5.0 (compatible; Googlebot/2.1; +http://www.google.com/bot.html)"
37.58.100.79 - - [21/Sep/2014:08:01:16 +0000] "GET /index.php?action=source&file=Doc/core/id/the_corporation_company HTTP/1.1" 200 1905 "-" "Mozilla/5.0 (compatible; AhrefsBot/5.0; +http://ahrefs.com/robot/)"
66.249.65.85 - - [21/Sep/2014:08:03:32 +0000] "GET /index.php?action=source&file=Doc/core/class/AGT_Frame HTTP/1.1" 200 2418 "-" "Mozilla/5.0 (compatible; Googlebot/2.1; +http://www.google.com/bot.html)"
66.249.65.85 - - [21/Sep/2014:08:07:05 +0000] "GET /index.php?action=source&file=Doc/core/ids/mitre_openid HTTP/1.1" 200 1958 "-" "Mozilla/5.0 (compatible; Googlebot/2.1; +http://www.google.com/bot.html)"
37.58.100.68 - - [21/Sep/2014:08:07:16 +0000] "GET /index.php?action=source&file=Doc/core/id/statestreet HTTP/1.1" 200 1961 "-" "Mozilla/5.0 (compatible; AhrefsBot/5.0; +http://ahrefs.com/robot/)"
66.249.65.74 - - [21/Sep/2014:08:10:09 +0000] "GET /index.php?action=source&file=./Doc/event/startup/yc/SAFE_AGT_Demo_Cap_NoDiscount_1_d02 HTTP/1.1" 200 7822 "-" "Mozilla/5.0 (compatible; Googlebot/2.1; +http://www.google.com/bot.html)"
66.249.65.74 - - [21/Sep/2014:08:13:12 +0000] "GET /index.php?action=source&file=./Doc/event/startup/yc/SAFE_AGT_Demo_Cap_NoDiscount_1_d01 HTTP/1.1" 200 7997 "-" "Mozilla/5.0 (compatible; Googlebot/2.1; +http://www.google.com/bot.html)"
66.249.65.89 - - [21/Sep/2014:08:16:59 +0000] "GET /index.php?action=source&file=Doc/core/ids/acMoney_acme HTTP/1.1" 200 2342 "-" "Mozilla/5.0 (compatible; Googlebot/2.1; +http://www.google.com/bot.html)"
66.249.65.66 - - [21/Sep/2014:08:20:18 +0000] "GET /index.php?action=source&file=./Doc/core/gov/uniformlaws/Uniform_Electronics_Records_Act HTTP/1.1" 200 5358 "-" "Mozilla/5.0 (compatible; Googlebot/2.1; +http://www.google.com/bot.html)"
66.249.65.93 - - [21/Sep/2014:08:22:55 +0000] "GET /index.php?action=source&file=Doc/event/web/AcMoney_Demo_1 HTTP/1.1" 200 12782 "-" "Mozilla/5.0 (compatible; Googlebot/2.1; +http://www.google.com/bot.html)"
66.249.65.66 - - [21/Sep/2014:08:26:30 +0000] "GET /index.php?action=source&file=./Doc/core/gov/uniformlaws/Uniform_Electronics_Records_Act_MA HTTP/1.1" 200 4005 "-" "Mozilla/5.0 (compatible; Googlebot/2.1; +http://www.google.com/bot.html)"
123.125.71.31 - - [21/Sep/2014:08:26:42 +0000] "GET /wp-content/themes/FloZo-Free/flozo/assets/scripts/modernizr-2.0.6.js HTTP/1.1" 404 509 "-" "Mozilla/5.0 (compatible; Baiduspider/2.0; +http://www.baidu.com/search/spider.html)"
66.249.65.89 - - [21/Sep/2014:08:27:06 +0000] "GET /?page_id=63 HTTP/1.1" 200 2249 "-" "Mozilla/5.0 (compatible; Googlebot/2.1; +http://www.google.com/bot.html)"
37.58.100.178 - - [21/Sep/2014:08:28:34 +0000] "GET /index.php?action=source&file=Doc/core/class/ID_Entity HTTP/1.1" 200 2031 "-" "Mozilla/5.0 (compatible; AhrefsBot/5.0; +http://ahrefs.com/robot/)"
66.249.65.93 - - [21/Sep/2014:08:29:09 +0000] "GET /index.php?action=source&file=Doc/core/id/acme_incorporated HTTP/1.1" 200 2175 "-" "Mozilla/5.0 (compatible; Googlebot/2.1; +http://www.google.com/bot.html)"
66.249.65.93 - - [21/Sep/2014:08:32:57 +0000] "GET /index.php?action=source&file=Doc/core/id/quake_incorporated HTTP/1.1" 200 2207 "-" "Mozilla/5.0 (compatible; Googlebot/2.1; +http://www.google.com/bot.html)"
66.249.65.74 - - [21/Sep/2014:08:36:44 +0000] "GET /index.php?action=source&file=./Doc/core/gov/uniformlaws/Uniform_Electronics_Records_Act_OR HTTP/1.1" 200 4275 "-" "Mozilla/5.0 (compatible; Googlebot/2.1; +http://www.google.com/bot.html)"
66.249.65.70 - - [21/Sep/2014:08:37:48 +0000] "GET /index.php?action=source&file=Doc/core/ids/acMoney_acme HTTP/1.1" 200 2342 "-" "Mozilla/5.0 (compatible; Googlebot/2.1; +http://www.google.com/bot.html)"
66.249.65.93 - - [21/Sep/2014:08:39:23 +0000] "GET /index.php?action=source&file=Doc/event/food_truck/Truck_Example HTTP/1.1" 200 2505 "-" "Mozilla/5.0 (compatible; Googlebot/2.1; +http://www.google.com/bot.html)"
66.249.65.89 - - [21/Sep/2014:08:42:05 +0000] "GET /index.php?action=source&file=Doc/event/mit/MIT_NDA_Demo_1_Mutual HTTP/1.1" 200 5183 "-" "Mozilla/5.0 (compatible; Googlebot/2.1; +http://www.google.com/bot.html)"
66.249.65.66 - - [21/Sep/2014:08:45:50 +0000] "GET /index.php?action=list&file=./.git/objects/17/ HTTP/1.1" 200 1207 "-" "Mozilla/5.0 (compatible; Googlebot/2.1; +http://www.google.com/bot.html)"
37.58.100.158 - - [21/Sep/2014:08:48:06 +0000] "GET /index.php?action=source&file=Doc/event/license/NIH_License_Demo_1 HTTP/1.1" 200 15708 "-" "Mozilla/5.0 (compatible; AhrefsBot/5.0; +http://ahrefs.com/robot/)"
66.249.65.70 - - [21/Sep/2014:08:48:29 +0000] "GET /index.php?action=list&file=./.git/objects/b7/ HTTP/1.1" 200 1314 "-" "Mozilla/5.0 (compatible; Googlebot/2.1; +http://www.google.com/bot.html)"
202.46.48.16 - - [21/Sep/2014:08:49:03 +0000] "GET / HTTP/1.1" 200 5213 "-" "Mozilla/4.0 (compatible; MSIE 7.0; Windows NT 6.0)"
119.63.193.131 - - [21/Sep/2014:08:49:39 +0000] "GET / HTTP/1.1" 200 5213 "-" "Mozilla/4.0 (compatible; MSIE 7.0; Windows NT 6.0)"
66.249.65.70 - - [21/Sep/2014:08:52:05 +0000] "GET /index.php?action=list&file=./.git/objects/d7/ HTTP/1.1" 200 1207 "-" "Mozilla/5.0 (compatible; Googlebot/2.1; +http://www.google.com/bot.html)"
66.249.65.74 - - [21/Sep/2014:08:54:56 +0000] "GET /index.php?action=list&file=./.git/objects/ee/ HTTP/1.1" 200 1311 "-" "Mozilla/5.0 (compatible; Googlebot/2.1; +http://www.google.com/bot.html)"
66.249.65.74 - - [21/Sep/2014:08:57:35 +0000] "GET /index.php?action=list&file=./.git/objects/03/ HTTP/1.1" 200 1164 "-" "Mozilla/5.0 (compatible; Googlebot/2.1; +http://www.google.com/bot.html)"
66.249.65.74 - - [21/Sep/2014:09:01:23 +0000] "GET /index.php?action=list&file=./.git/objects/c6/ HTTP/1.1" 200 1205 "-" "Mozilla/5.0 (compatible; Googlebot/2.1; +http://www.google.com/bot.html)"
66.249.65.89 - - [21/Sep/2014:09:04:04 +0000] "GET /index.php?action=source&file=Doc/event/mit/MIT_NDA_Demo_2_Inbound HTTP/1.1" 200 4834 "-" "Mozilla/5.0 (compatible; Googlebot/2.1; +http://www.google.com/bot.html)"
37.58.100.74 - - [21/Sep/2014:09:04:08 +0000] "GET /index.php?action=source&file=Doc/event/mit/MIT_NDA_Demo_3_Outbound HTTP/1.1" 200 4609 "-" "Mozilla/5.0 (compatible; AhrefsBot/5.0; +http://ahrefs.com/robot/)"
66.249.65.85 - - [21/Sep/2014:09:07:06 +0000] "GET /index.php?action=source&file=Doc/event/license/NIH_License_Demo_1 HTTP/1.1" 200 15764 "-" "Mozilla/5.0 (compatible; Googlebot/2.1; +http://www.google.com/bot.html)"
66.249.65.66 - - [21/Sep/2014:09:10:35 +0000] "GET /index.php?action=list&file=./.git/objects/89/ HTTP/1.1" 200 1206 "-" "Mozilla/5.0 (compatible; Googlebot/2.1; +http://www.google.com/bot.html)"
66.249.65.85 - - [21/Sep/2014:09:13:19 +0000] "GET /index.php?action=source&file=Doc/event/mit/MIT_NDA_Demo_3_Outbound HTTP/1.1" 200 4665 "-" "Mozilla/5.0 (compatible; Googlebot/2.1; +http://www.google.com/bot.html)"
66.249.65.74 - - [21/Sep/2014:09:17:06 +0000] "GET /index.php?action=list&file=./.git/objects/a0/ HTTP/1.1" 200 1206 "-" "Mozilla/5.0 (compatible; Googlebot/2.1; +http://www.google.com/bot.html)"
72.226.110.185 - - [21/Sep/2014:09:17:23 +0000] "GET /index.php?action=pull HTTP/1.1" 200 1168 "-" "Mozilla/5.0 (Macintosh; Intel Mac OS X 10_9_4) AppleWebKit/537.36 (KHTML, like Gecko) Chrome/37.0.2062.122 Safari/537.36"
72.226.110.185 - - [21/Sep/2014:09:17:25 +0000] "GET /assets/custom.css HTTP/1.1" 304 209 "http://www.commonaccord.org/index.php?action=pull" "Mozilla/5.0 (Macintosh; Intel Mac OS X 10_9_4) AppleWebKit/537.36 (KHTML, like Gecko) Chrome/37.0.2062.122 Safari/537.36"
72.226.110.185 - - [21/Sep/2014:09:17:25 +0000] "GET /assets/cmacc-w.png HTTP/1.1" 304 187 "http://www.commonaccord.org/index.php?action=pull" "Mozilla/5.0 (Macintosh; Intel Mac OS X 10_9_4) AppleWebKit/537.36 (KHTML, like Gecko) Chrome/37.0.2062.122 Safari/537.36"
72.226.110.185 - - [21/Sep/2014:09:17:25 +0000] "GET /assets/cc.png HTTP/1.1" 304 188 "http://www.commonaccord.org/index.php?action=pull" "Mozilla/5.0 (Macintosh; Intel Mac OS X 10_9_4) AppleWebKit/537.36 (KHTML, like Gecko) Chrome/37.0.2062.122 Safari/537.36"
66.249.65.89 - - [21/Sep/2014:09:20:13 +0000] "GET /index.php?action=source&file=Doc/core/form/agt/nda/Form_MIT_TLO_Mutual HTTP/1.1" 200 8962 "-" "Mozilla/5.0 (compatible; Googlebot/2.1; +http://www.google.com/bot.html)"
66.249.65.89 - - [21/Sep/2014:09:20:51 +0000] "GET / HTTP/1.1" 200 2249 "-" "Mozilla/5.0 (compatible; Googlebot/2.1; +http://www.google.com/bot.html)"
72.226.110.185 - - [21/Sep/2014:09:20:56 +0000] "GET / HTTP/1.1" 200 2249 "-" "Mozilla/5.0 (Macintosh; Intel Mac OS X 10_9_4) AppleWebKit/537.36 (KHTML, like Gecko) Chrome/37.0.2062.122 Safari/537.36"
72.226.110.185 - - [21/Sep/2014:09:20:56 +0000] "GET /assets/cmacc-trans.png HTTP/1.1" 304 187 "http://www.commonaccord.org/" "Mozilla/5.0 (Macintosh; Intel Mac OS X 10_9_4) AppleWebKit/537.36 (KHTML, like Gecko) Chrome/37.0.2062.122 Safari/537.36"
72.226.110.185 - - [21/Sep/2014:09:20:56 +0000] "GET /assets/more.png HTTP/1.1" 304 188 "http://www.commonaccord.org/" "Mozilla/5.0 (Macintosh; Intel Mac OS X 10_9_4) AppleWebKit/537.36 (KHTML, like Gecko) Chrome/37.0.2062.122 Safari/537.36"
72.226.110.185 - - [21/Sep/2014:09:20:56 +0000] "GET /assets/learn.jpg HTTP/1.1" 304 187 "http://www.commonaccord.org/" "Mozilla/5.0 (Macintosh; Intel Mac OS X 10_9_4) AppleWebKit/537.36 (KHTML, like Gecko) Chrome/37.0.2062.122 Safari/537.36"
72.226.110.185 - - [21/Sep/2014:09:21:02 +0000] "GET /index.php?action=explore HTTP/1.1" 200 2129 "http://www.commonaccord.org/" "Mozilla/5.0 (Macintosh; Intel Mac OS X 10_9_4) AppleWebKit/537.36 (KHTML, like Gecko) Chrome/37.0.2062.122 Safari/537.36"
72.226.110.185 - - [21/Sep/2014:09:21:05 +0000] "GET /index.php?action=list&file=Doc/core/ids/ HTTP/1.1" 200 1252 "http://www.commonaccord.org/index.php?action=explore" "Mozilla/5.0 (Macintosh; Intel Mac OS X 10_9_4) AppleWebKit/537.36 (KHTML, like Gecko) Chrome/37.0.2062.122 Safari/537.36"
72.226.110.185 - - [21/Sep/2014:09:21:05 +0000] "GET /assets/arrowup.png HTTP/1.1" 304 187 "http://www.commonaccord.org/index.php?action=list&file=Doc/core/ids/" "Mozilla/5.0 (Macintosh; Intel Mac OS X 10_9_4) AppleWebKit/537.36 (KHTML, like Gecko) Chrome/37.0.2062.122 Safari/537.36"
72.226.110.185 - - [21/Sep/2014:09:21:05 +0000] "GET /assets/play.png HTTP/1.1" 304 188 "http://www.commonaccord.org/index.php?action=list&file=Doc/core/ids/" "Mozilla/5.0 (Macintosh; Intel Mac OS X 10_9_4) AppleWebKit/537.36 (KHTML, like Gecko) Chrome/37.0.2062.122 Safari/537.36"
72.226.110.185 - - [21/Sep/2014:09:21:12 +0000] "GET /index.php?action=list&file=Doc/RealDeal/Preferences%20Doc/RealDeal/form/Docracy-48-Technology-Assignment-Agreement HTTP/1.1" 200 1284 "-" "Mozilla/5.0 (Macintosh; Intel Mac OS X 10_9_4) AppleWebKit/537.36 (KHTML, like Gecko) Chrome/37.0.2062.122 Safari/537.36"
216.107.155.114 - - [21/Sep/2014:09:21:17 +0000] "GET /robots.txt HTTP/1.0" 404 493 "-" "Mozilla/5.0 (compatible; MJ12bot/v1.4.5; http://www.majestic12.co.uk/bot.php?+)"
216.107.155.114 - - [21/Sep/2014:09:21:19 +0000] "GET / HTTP/1.0" 200 5213 "-" "Mozilla/5.0 (compatible; MJ12bot/v1.4.5; http://www.majestic12.co.uk/bot.php?+)"
72.226.110.185 - - [21/Sep/2014:09:21:34 +0000] "GET /index.php?action=list&file=Doc/RealDeal/form/Docracy-48-Technology-Assignment-Agreement HTTP/1.1" 200 1268 "-" "Mozilla/5.0 (Macintosh; Intel Mac OS X 10_9_4) AppleWebKit/537.36 (KHTML, like Gecko) Chrome/37.0.2062.122 Safari/537.36"
72.226.110.185 - - [21/Sep/2014:09:21:43 +0000] "GET /index.php?action=list&file=Doc/RealDeal/form/ HTTP/1.1" 200 1159 "http://www.commonaccord.org/index.php?action=list&file=Doc/RealDeal/form/Docracy-48-Technology-Assignment-Agreement" "Mozilla/5.0 (Macintosh; Intel Mac OS X 10_9_4) AppleWebKit/537.36 (KHTML, like Gecko) Chrome/37.0.2062.122 Safari/537.36"
72.226.110.185 - - [21/Sep/2014:09:21:47 +0000] "GET /index.php?action=source&file=Doc/RealDeal/form/Docracy-48-Technology-Assignment-Agreement HTTP/1.1" 200 6080 "http://www.commonaccord.org/index.php?action=list&file=Doc/RealDeal/form/" "Mozilla/5.0 (Macintosh; Intel Mac OS X 10_9_4) AppleWebKit/537.36 (KHTML, like Gecko) Chrome/37.0.2062.122 Safari/537.36"
37.58.100.66 - - [21/Sep/2014:09:21:53 +0000] "GET /index.php?action=list&file=Doc/event/startup/500/ HTTP/1.1" 200 1112 "-" "Mozilla/5.0 (compatible; AhrefsBot/5.0; +http://ahrefs.com/robot/)"
37.58.100.66 - - [21/Sep/2014:09:22:04 +0000] "GET /index.php?action=source&file=Doc/core/id/idcubed_org HTTP/1.1" 200 1928 "-" "Mozilla/5.0 (compatible; AhrefsBot/5.0; +http://ahrefs.com/robot/)"
72.226.110.185 - - [21/Sep/2014:09:22:30 +0000] "GET /index.php?action=list&file=Doc/RealDeal/form/ HTTP/1.1" 200 1159 "http://www.commonaccord.org/index.php?action=source&file=Doc/RealDeal/form/Docracy-48-Technology-Assignment-Agreement" "Mozilla/5.0 (Macintosh; Intel Mac OS X 10_9_4) AppleWebKit/537.36 (KHTML, like Gecko) Chrome/37.0.2062.122 Safari/537.36"
72.226.110.185 - - [21/Sep/2014:09:22:33 +0000] "GET /index.php?action=list&file=Doc/RealDeal/ HTTP/1.1" 200 1201 "http://www.commonaccord.org/index.php?action=list&file=Doc/RealDeal/form/" "Mozilla/5.0 (Macintosh; Intel Mac OS X 10_9_4) AppleWebKit/537.36 (KHTML, like Gecko) Chrome/37.0.2062.122 Safari/537.36"
72.226.110.185 - - [21/Sep/2014:09:22:33 +0000] "GET /assets/folder.png HTTP/1.1" 304 188 "http://www.commonaccord.org/index.php?action=list&file=Doc/RealDeal/" "Mozilla/5.0 (Macintosh; Intel Mac OS X 10_9_4) AppleWebKit/537.36 (KHTML, like Gecko) Chrome/37.0.2062.122 Safari/537.36"
72.226.110.185 - - [21/Sep/2014:09:22:42 +0000] "GET /index.php?action=list&file=Doc/RealDeal/form/ HTTP/1.1" 200 1159 "http://www.commonaccord.org/index.php?action=list&file=Doc/RealDeal/" "Mozilla/5.0 (Macintosh; Intel Mac OS X 10_9_4) AppleWebKit/537.36 (KHTML, like Gecko) Chrome/37.0.2062.122 Safari/537.36"
72.226.110.185 - - [21/Sep/2014:09:22:50 +0000] "GET /index.php?action=list&file=Doc/RealDeal/Doc/ HTTP/1.1" 200 1142 "http://www.commonaccord.org/index.php?action=list&file=Doc/RealDeal/" "Mozilla/5.0 (Macintosh; Intel Mac OS X 10_9_4) AppleWebKit/537.36 (KHTML, like Gecko) Chrome/37.0.2062.122 Safari/537.36"
66.249.65.85 - - [21/Sep/2014:09:22:52 +0000] "GET /index.php?action=source&file=Doc/event/mit/MIT_SponsoredResearch_Demo_1 HTTP/1.1" 200 10158 "-" "Mozilla/5.0 (compatible; Googlebot/2.1; +http://www.google.com/bot.html)"
66.249.65.74 - - [21/Sep/2014:09:22:53 +0000] "GET / HTTP/1.1" 200 2249 "-" "Mozilla/5.0 (compatible; Googlebot/2.1; +http://www.google.com/bot.html)"
72.226.110.185 - - [21/Sep/2014:09:26:21 +0000] "GET /index.php?action=list&file=Doc/RealDeal/ HTTP/1.1" 200 1202 "http://www.commonaccord.org/index.php?action=list&file=Doc/RealDeal/Doc/" "Mozilla/5.0 (Macintosh; Intel Mac OS X 10_9_4) AppleWebKit/537.36 (KHTML, like Gecko) Chrome/37.0.2062.122 Safari/537.36"
72.226.110.185 - - [21/Sep/2014:09:26:29 +0000] "GET /index.php?action=list&file=Doc/ HTTP/1.1" 200 1108 "http://www.commonaccord.org/index.php?action=list&file=Doc/RealDeal/" "Mozilla/5.0 (Macintosh; Intel Mac OS X 10_9_4) AppleWebKit/537.36 (KHTML, like Gecko) Chrome/37.0.2062.122 Safari/537.36"
72.226.110.185 - - [21/Sep/2014:09:26:37 +0000] "GET /index.php?action=list&file=Doc/RealDeal/ HTTP/1.1" 200 1202 "http://www.commonaccord.org/index.php?action=list&file=Doc/" "Mozilla/5.0 (Macintosh; Intel Mac OS X 10_9_4) AppleWebKit/537.36 (KHTML, like Gecko) Chrome/37.0.2062.122 Safari/537.36"
66.249.65.70 - - [21/Sep/2014:09:26:39 +0000] "GET /index.php?action=list&file=./.git/objects/6b/ HTTP/1.1" 200 1441 "-" "Mozilla/5.0 (compatible; Googlebot/2.1; +http://www.google.com/bot.html)"
72.226.110.185 - - [21/Sep/2014:09:26:50 +0000] "GET /index.php?action=list&file=Doc/RealDeal/Doc/ HTTP/1.1" 200 1142 "http://www.commonaccord.org/index.php?action=list&file=Doc/RealDeal/" "Mozilla/5.0 (Macintosh; Intel Mac OS X 10_9_4) AppleWebKit/537.36 (KHTML, like Gecko) Chrome/37.0.2062.122 Safari/537.36"
72.226.110.185 - - [21/Sep/2014:09:26:58 +0000] "GET /index.php?action=list&file=Doc/ HTTP/1.1" 200 1108 "http://www.commonaccord.org/index.php?action=list&file=Doc/RealDeal/" "Mozilla/5.0 (Macintosh; Intel Mac OS X 10_9_4) AppleWebKit/537.36 (KHTML, like Gecko) Chrome/37.0.2062.122 Safari/537.36"
72.226.110.185 - - [21/Sep/2014:09:27:05 +0000] "GET /index.php?action=list&file=Doc/about/ HTTP/1.1" 200 1199 "http://www.commonaccord.org/index.php?action=list&file=Doc/" "Mozilla/5.0 (Macintosh; Intel Mac OS X 10_9_4) AppleWebKit/537.36 (KHTML, like Gecko) Chrome/37.0.2062.122 Safari/537.36"
72.226.110.185 - - [21/Sep/2014:09:27:15 +0000] "GET /index.php?action=list&file=Doc/core/ HTTP/1.1" 200 1179 "http://www.commonaccord.org/index.php?action=list&file=Doc/" "Mozilla/5.0 (Macintosh; Intel Mac OS X 10_9_4) AppleWebKit/537.36 (KHTML, like Gecko) Chrome/37.0.2062.122 Safari/537.36"
72.226.110.185 - - [21/Sep/2014:09:27:16 +0000] "GET /index.php?action=list&file=Doc/core/at/ HTTP/1.1" 200 1148 "http://www.commonaccord.org/index.php?action=list&file=Doc/core/" "Mozilla/5.0 (Macintosh; Intel Mac OS X 10_9_4) AppleWebKit/537.36 (KHTML, like Gecko) Chrome/37.0.2062.122 Safari/537.36"
72.226.110.185 - - [21/Sep/2014:09:27:19 +0000] "GET /index.php?action=list&file=Doc/core/at/USA/ HTTP/1.1" 200 1207 "http://www.commonaccord.org/index.php?action=list&file=Doc/core/at/" "Mozilla/5.0 (Macintosh; Intel Mac OS X 10_9_4) AppleWebKit/537.36 (KHTML, like Gecko) Chrome/37.0.2062.122 Safari/537.36"
72.226.110.185 - - [21/Sep/2014:09:27:21 +0000] "GET /index.php?action=list&file=Doc/core/at/USA/NY/ HTTP/1.1" 200 1176 "http://www.commonaccord.org/index.php?action=list&file=Doc/core/at/USA/" "Mozilla/5.0 (Macintosh; Intel Mac OS X 10_9_4) AppleWebKit/537.36 (KHTML, like Gecko) Chrome/37.0.2062.122 Safari/537.36"
72.226.110.185 - - [21/Sep/2014:09:27:24 +0000] "GET /index.php?action=list&file=Doc/core/at/USA/NY/New_York/ HTTP/1.1" 200 1167 "http://www.commonaccord.org/index.php?action=list&file=Doc/core/at/USA/NY/" "Mozilla/5.0 (Macintosh; Intel Mac OS X 10_9_4) AppleWebKit/537.36 (KHTML, like Gecko) Chrome/37.0.2062.122 Safari/537.36"
72.226.110.185 - - [21/Sep/2014:09:27:28 +0000] "GET /index.php?action=list&file=Doc/core/at/USA/NY/New_York/New_York/ HTTP/1.1" 200 1177 "http://www.commonaccord.org/index.php?action=list&file=Doc/core/at/USA/NY/New_York/" "Mozilla/5.0 (Macintosh; Intel Mac OS X 10_9_4) AppleWebKit/537.36 (KHTML, like Gecko) Chrome/37.0.2062.122 Safari/537.36"
72.226.110.185 - - [21/Sep/2014:09:27:34 +0000] "GET /index.php?action=list&file=Doc/core/at/USA/NY/New_York/New_York/Wall_Street/ HTTP/1.1" 200 1180 "http://www.commonaccord.org/index.php?action=list&file=Doc/core/at/USA/NY/New_York/New_York/" "Mozilla/5.0 (Macintosh; Intel Mac OS X 10_9_4) AppleWebKit/537.36 (KHTML, like Gecko) Chrome/37.0.2062.122 Safari/537.36"
72.226.110.185 - - [21/Sep/2014:09:27:36 +0000] "GET /index.php?action=list&file=Doc/core/at/USA/NY/New_York/New_York/Wall_Street/48/ HTTP/1.1" 200 1163 "http://www.commonaccord.org/index.php?action=list&file=Doc/core/at/USA/NY/New_York/New_York/Wall_Street/" "Mozilla/5.0 (Macintosh; Intel Mac OS X 10_9_4) AppleWebKit/537.36 (KHTML, like Gecko) Chrome/37.0.2062.122 Safari/537.36"
72.226.110.185 - - [21/Sep/2014:09:27:37 +0000] "GET /index.php?action=source&file=Doc/core/at/USA/NY/New_York/New_York/Wall_Street/48/Geo HTTP/1.1" 200 1698 "http://www.commonaccord.org/index.php?action=list&file=Doc/core/at/USA/NY/New_York/New_York/Wall_Street/48/" "Mozilla/5.0 (Macintosh; Intel Mac OS X 10_9_4) AppleWebKit/537.36 (KHTML, like Gecko) Chrome/37.0.2062.122 Safari/537.36"
66.249.65.70 - - [21/Sep/2014:09:29:58 +0000] "GET /index.php?action=list&file=./.git/objects/cc/ HTTP/1.1" 200 1276 "-" "Mozilla/5.0 (compatible; Googlebot/2.1; +http://www.google.com/bot.html)"
37.58.100.79 - - [21/Sep/2014:09:33:06 +0000] "GET /index.php?action=list&file=Doc/core/form/agt/ HTTP/1.1" 200 1205 "-" "Mozilla/5.0 (compatible; AhrefsBot/5.0; +http://ahrefs.com/robot/)"
66.249.65.93 - - [21/Sep/2014:09:33:29 +0000] "GET /index.php?action=source&file=Doc/core/form/agt/nda/Delta_MIT_TLO_Outbound_Marked HTTP/1.1" 200 2061 "-" "Mozilla/5.0 (compatible; Googlebot/2.1; +http://www.google.com/bot.html)"
66.249.65.74 - - [21/Sep/2014:09:37:11 +0000] "GET /index.php?action=list&file=./.git/objects/db/ HTTP/1.1" 200 1240 "-" "Mozilla/5.0 (compatible; Googlebot/2.1; +http://www.google.com/bot.html)"
37.58.100.66 - - [21/Sep/2014:09:38:18 +0000] "GET /index.php?action=source&file=Doc/core/ids/mit_quake HTTP/1.1" 200 2311 "-" "Mozilla/5.0 (compatible; AhrefsBot/5.0; +http://ahrefs.com/robot/)"
37.58.100.66 - - [21/Sep/2014:09:38:37 +0000] "GET /index.php?action=list&file=Doc/me/ HTTP/1.1" 200 1146 "-" "Mozilla/5.0 (compatible; AhrefsBot/5.0; +http://ahrefs.com/robot/)"
37.58.100.158 - - [21/Sep/2014:09:39:57 +0000] "GET /index.php?action=source&file=Doc/event/food_truck/Truck_Example HTTP/1.1" 200 2449 "-" "Mozilla/5.0 (compatible; AhrefsBot/5.0; +http://ahrefs.com/robot/)"
66.249.65.66 - - [21/Sep/2014:09:40:59 +0000] "GET /index.php?action=list&file=./.git/objects/e4/ HTTP/1.1" 200 1205 "-" "Mozilla/5.0 (compatible; Googlebot/2.1; +http://www.google.com/bot.html)"
72.226.110.185 - - [21/Sep/2014:09:42:11 +0000] "GET /index.php?action=pull HTTP/1.1" 200 1218 "-" "Mozilla/5.0 (Macintosh; Intel Mac OS X 10_9_4) AppleWebKit/537.36 (KHTML, like Gecko) Chrome/37.0.2062.122 Safari/537.36"
66.249.65.74 - - [21/Sep/2014:09:44:44 +0000] "GET /index.php?action=list&file=./.git/objects/b0/ HTTP/1.1" 200 1243 "-" "Mozilla/5.0 (compatible; Googlebot/2.1; +http://www.google.com/bot.html)"
66.249.65.66 - - [21/Sep/2014:09:48:30 +0000] "GET /index.php?action=list&file=./.git/objects/51/ HTTP/1.1" 200 1205 "-" "Mozilla/5.0 (compatible; Googlebot/2.1; +http://www.google.com/bot.html)"
72.226.110.185 - - [21/Sep/2014:09:50:33 +0000] "GET /index.php?action=pull HTTP/1.1" 200 1170 "-" "Mozilla/5.0 (Macintosh; Intel Mac OS X 10_9_4) AppleWebKit/537.36 (KHTML, like Gecko) Chrome/37.0.2062.122 Safari/537.36"
72.226.110.185 - - [21/Sep/2014:09:50:35 +0000] "GET /assets/custom.css HTTP/1.1" 304 209 "http://www.commonaccord.org/index.php?action=pull" "Mozilla/5.0 (Macintosh; Intel Mac OS X 10_9_4) AppleWebKit/537.36 (KHTML, like Gecko) Chrome/37.0.2062.122 Safari/537.36"
72.226.110.185 - - [21/Sep/2014:09:50:35 +0000] "GET /assets/cmacc-w.png HTTP/1.1" 304 187 "http://www.commonaccord.org/index.php?action=pull" "Mozilla/5.0 (Macintosh; Intel Mac OS X 10_9_4) AppleWebKit/537.36 (KHTML, like Gecko) Chrome/37.0.2062.122 Safari/537.36"
72.226.110.185 - - [21/Sep/2014:09:50:35 +0000] "GET /assets/cc.png HTTP/1.1" 304 188 "http://www.commonaccord.org/index.php?action=pull" "Mozilla/5.0 (Macintosh; Intel Mac OS X 10_9_4) AppleWebKit/537.36 (KHTML, like Gecko) Chrome/37.0.2062.122 Safari/537.36"
72.226.110.185 - - [21/Sep/2014:09:51:46 +0000] "GET /index.php?action=pull HTTP/1.1" 200 1139 "-" "Mozilla/5.0 (Macintosh; Intel Mac OS X 10_9_4) AppleWebKit/537.36 (KHTML, like Gecko) Chrome/37.0.2062.122 Safari/537.36"
72.226.110.185 - - [21/Sep/2014:09:51:48 +0000] "GET /assets/custom.css HTTP/1.1" 304 209 "http://www.commonaccord.org/index.php?action=pull" "Mozilla/5.0 (Macintosh; Intel Mac OS X 10_9_4) AppleWebKit/537.36 (KHTML, like Gecko) Chrome/37.0.2062.122 Safari/537.36"
72.226.110.185 - - [21/Sep/2014:09:51:48 +0000] "GET /assets/cmacc-w.png HTTP/1.1" 304 188 "http://www.commonaccord.org/index.php?action=pull" "Mozilla/5.0 (Macintosh; Intel Mac OS X 10_9_4) AppleWebKit/537.36 (KHTML, like Gecko) Chrome/37.0.2062.122 Safari/537.36"
72.226.110.185 - - [21/Sep/2014:09:51:48 +0000] "GET /assets/cc.png HTTP/1.1" 304 187 "http://www.commonaccord.org/index.php?action=pull" "Mozilla/5.0 (Macintosh; Intel Mac OS X 10_9_4) AppleWebKit/537.36 (KHTML, like Gecko) Chrome/37.0.2062.122 Safari/537.36"
66.249.65.66 - - [21/Sep/2014:09:52:18 +0000] "GET /index.php?action=list&file=./.git/objects/0e/ HTTP/1.1" 200 1278 "-" "Mozilla/5.0 (compatible; Googlebot/2.1; +http://www.google.com/bot.html)"
66.249.65.66 - - [21/Sep/2014:09:53:36 +0000] "GET /index.php?action=source&file=Doc/about/tour/Litigation HTTP/1.1" 200 1481 "-" "Mozilla/5.0 (compatible; Googlebot/2.1; +http://www.google.com/bot.html)"
37.58.100.93 - - [21/Sep/2014:09:55:57 +0000] "GET /index.php?action=source&file=Doc/core/class/AGT_Frame HTTP/1.1" 200 2362 "-" "Mozilla/5.0 (compatible; AhrefsBot/5.0; +http://ahrefs.com/robot/)"
66.249.65.89 - - [21/Sep/2014:09:56:05 +0000] "GET /index.php?action=source&file=Doc/event/settlement/Class_Action_Settlement_Demo_1 HTTP/1.1" 200 10844 "-" "Mozilla/5.0 (compatible; Googlebot/2.1; +http://www.google.com/bot.html)"
37.58.100.66 - - [21/Sep/2014:09:58:14 +0000] "GET /index.php?action=source&file=Doc/core/ids/hazardj HTTP/1.1" 200 2071 "-" "Mozilla/5.0 (compatible; AhrefsBot/5.0; +http://ahrefs.com/robot/)"
66.249.65.74 - - [21/Sep/2014:09:59:17 +0000] "GET /index.php?action=list&file=./.git/objects/38/ HTTP/1.1" 200 1312 "-" "Mozilla/5.0 (compatible; Googlebot/2.1; +http://www.google.com/bot.html)"
66.249.65.89 - - [21/Sep/2014:09:59:18 +0000] "GET /?work=wrok-2 HTTP/1.1" 200 2249 "-" "Mozilla/5.0 (compatible; Googlebot/2.1; +http://www.google.com/bot.html)"
72.226.110.185 - - [21/Sep/2014:10:05:39 +0000] "GET / HTTP/1.1" 200 2249 "-" "Mozilla/5.0 (Macintosh; Intel Mac OS X 10_9_4) AppleWebKit/537.36 (KHTML, like Gecko) Chrome/37.0.2062.122 Safari/537.36"
72.226.110.185 - - [21/Sep/2014:10:05:39 +0000] "GET /assets/learn.jpg HTTP/1.1" 304 187 "http://www.commonaccord.org/" "Mozilla/5.0 (Macintosh; Intel Mac OS X 10_9_4) AppleWebKit/537.36 (KHTML, like Gecko) Chrome/37.0.2062.122 Safari/537.36"
72.226.110.185 - - [21/Sep/2014:10:05:39 +0000] "GET /assets/more.png HTTP/1.1" 304 188 "http://www.commonaccord.org/" "Mozilla/5.0 (Macintosh; Intel Mac OS X 10_9_4) AppleWebKit/537.36 (KHTML, like Gecko) Chrome/37.0.2062.122 Safari/537.36"
72.226.110.185 - - [21/Sep/2014:10:05:44 +0000] "GET /index.php?action=explore HTTP/1.1" 200 2128 "http://www.commonaccord.org/" "Mozilla/5.0 (Macintosh; Intel Mac OS X 10_9_4) AppleWebKit/537.36 (KHTML, like Gecko) Chrome/37.0.2062.122 Safari/537.36"
72.226.110.185 - - [21/Sep/2014:10:05:54 +0000] "GET /index.php?action=list&file=Doc/event/ HTTP/1.1" 200 1272 "http://www.commonaccord.org/" "Mozilla/5.0 (Macintosh; Intel Mac OS X 10_9_4) AppleWebKit/537.36 (KHTML, like Gecko) Chrome/37.0.2062.122 Safari/537.36"
72.226.110.185 - - [21/Sep/2014:10:06:01 +0000] "GET /index.php?action=list&file=Doc/RealDeal/ HTTP/1.1" 200 1202 "-" "Mozilla/5.0 (Macintosh; Intel Mac OS X 10_9_4) AppleWebKit/537.36 (KHTML, like Gecko) Chrome/37.0.2062.122 Safari/537.36"
72.226.110.185 - - [21/Sep/2014:10:06:11 +0000] "GET /index.php?action=list&file=Doc/RealDeal/Doc/ HTTP/1.1" 200 1142 "http://www.commonaccord.org/index.php?action=list&file=Doc/RealDeal/" "Mozilla/5.0 (Macintosh; Intel Mac OS X 10_9_4) AppleWebKit/537.36 (KHTML, like Gecko) Chrome/37.0.2062.122 Safari/537.36"
72.226.110.185 - - [21/Sep/2014:10:06:13 +0000] "GET /index.php?action=source&file=Doc/RealDeal/Doc/RD_DG_Assign_Agt HTTP/1.1" 200 1432 "http://www.commonaccord.org/index.php?action=list&file=Doc/RealDeal/Doc/" "Mozilla/5.0 (Macintosh; Intel Mac OS X 10_9_4) AppleWebKit/537.36 (KHTML, like Gecko) Chrome/37.0.2062.122 Safari/537.36"
66.249.65.89 - - [21/Sep/2014:10:06:19 +0000] "GET /index.php?action=source&file=Doc/event/master/Acme-Quake_MasterServices_Demo_1_d01 HTTP/1.1" 200 25408 "-" "Mozilla/5.0 (compatible; Googlebot/2.1; +http://www.google.com/bot.html)"
66.249.65.70 - - [21/Sep/2014:10:09:09 +0000] "GET /index.php?action=list&file=./.git/objects/0f/ HTTP/1.1" 200 1240 "-" "Mozilla/5.0 (compatible; Googlebot/2.1; +http://www.google.com/bot.html)"
180.76.5.95 - - [21/Sep/2014:10:10:16 +0000] "GET /?page_id=262 HTTP/1.1" 200 2212 "-" "Mozilla/5.0 (compatible; Baiduspider/2.0; +http://www.baidu.com/search/spider.html)"
66.249.65.93 - - [21/Sep/2014:10:12:11 +0000] "GET /index.php?action=source&file=Doc/event/master/Acme-Quake_MasterServices_Demo_1_d02 HTTP/1.1" 200 24340 "-" "Mozilla/5.0 (compatible; Googlebot/2.1; +http://www.google.com/bot.html)"
66.249.65.74 - - [21/Sep/2014:10:15:58 +0000] "GET /index.php?action=list&file=./.git/objects/36/ HTTP/1.1" 200 1242 "-" "Mozilla/5.0 (compatible; Googlebot/2.1; +http://www.google.com/bot.html)"
66.249.65.93 - - [21/Sep/2014:10:19:17 +0000] "GET /index.php?action=list&file=Doc/me/test/ HTTP/1.1" 200 1186 "-" "Mozilla/5.0 (compatible; Googlebot/2.1; +http://www.google.com/bot.html)"
66.249.65.85 - - [21/Sep/2014:10:19:35 +0000] "GET /index.php?action=demo HTTP/1.1" 200 1645 "-" "Mozilla/5.0 (compatible; Googlebot/2.1; +http://www.google.com/bot.html)"
66.249.65.70 - - [21/Sep/2014:10:21:56 +0000] "GET /index.php?action=list&file=./.git/objects/95/ HTTP/1.1" 200 1310 "-" "Mozilla/5.0 (compatible; Googlebot/2.1; +http://www.google.com/bot.html)"
66.249.65.74 - - [21/Sep/2014:10:25:44 +0000] "GET /index.php?action=list&file=./.git/objects/d5/ HTTP/1.1" 200 1205 "-" "Mozilla/5.0 (compatible; Googlebot/2.1; +http://www.google.com/bot.html)"
66.249.65.70 - - [21/Sep/2014:10:28:23 +0000] "GET /index.php?action=list&file=./.git/objects/b9/ HTTP/1.1" 200 1164 "-" "Mozilla/5.0 (compatible; Googlebot/2.1; +http://www.google.com/bot.html)"
37.58.100.148 - - [21/Sep/2014:10:29:53 +0000] "GET /index.php?action=list&file=Doc/event/startup/yc/ HTTP/1.1" 200 1156 "-" "Mozilla/5.0 (compatible; AhrefsBot/5.0; +http://ahrefs.com/robot/)"
37.58.100.93 - - [21/Sep/2014:10:31:08 +0000] "GET /index.php?action=source&file=Doc/core/id/twitter HTTP/1.1" 200 1885 "-" "Mozilla/5.0 (compatible; AhrefsBot/5.0; +http://ahrefs.com/robot/)"
66.249.65.70 - - [21/Sep/2014:10:32:06 +0000] "GET /index.php?action=list&file=./.git/objects/f1/ HTTP/1.1" 200 1206 "-" "Mozilla/5.0 (compatible; Googlebot/2.1; +http://www.google.com/bot.html)"
37.58.100.68 - - [21/Sep/2014:10:32:47 +0000] "GET /index.php?action=source&file=Doc/core/id/ripplelabs HTTP/1.1" 200 1895 "-" "Mozilla/5.0 (compatible; AhrefsBot/5.0; +http://ahrefs.com/robot/)"
66.249.65.89 - - [21/Sep/2014:10:34:51 +0000] "GET /index.php?action=list&file=Doc/me/codius/ HTTP/1.1" 200 1143 "-" "Mozilla/5.0 (compatible; Googlebot/2.1; +http://www.google.com/bot.html)"
